

================================================================
== Vitis HLS Report for 'syfala'
================================================================
* Date:           Thu Jul 25 10:31:38 2024

* Version:        2024.1 (Build 5069499 on May 21 2024)
* Project:        syfala_ip
* Solution:       syfala (Vivado IP Flow Target)
* Product family: zynq
* Target device:  xc7z100-ffg900-1


================================================================
== Performance Estimates
================================================================
+ Timing: 
    * Summary: 
    +--------+---------+----------+------------+
    |  Clock |  Target | Estimated| Uncertainty|
    +--------+---------+----------+------------+
    |ap_clk  |  8.14 ns|  7.139 ns|     2.20 ns|
    +--------+---------+----------+------------+

+ Latency: 
    * Summary: 
    +---------+---------+----------+----------+-----+--------+---------+
    |  Latency (cycles) |  Latency (absolute) |   Interval   | Pipeline|
    |   min   |   max   |    min   |    max   | min |   max  |   Type  |
    +---------+---------+----------+----------+-----+--------+---------+
    |        1|   604243|  8.138 ns|  4.917 ms|    2|  604244|       no|
    +---------+---------+----------+----------+-----+--------+---------+

    + Detail: 
        * Instance: 
        +-------------------------------------------------------------+-------------------------------------------------+---------+---------+----------+----------+--------+--------+-----------------------------------------------+
        |                                                             |                                                 |  Latency (cycles) |  Latency (absolute) |     Interval    |                    Pipeline                   |
        |                           Instance                          |                      Module                     |   min   |   max   |    min   |    max   |   min  |   max  |                      Type                     |
        +-------------------------------------------------------------+-------------------------------------------------+---------+---------+----------+----------+--------+--------+-----------------------------------------------+
        |grp_syfala_Pipeline_1_fu_4500                                |syfala_Pipeline_1                                |      258|      258|  2.100 us|  2.100 us|     257|     257|  loop auto-rewind stp(delay=0 clock cycles(s))|
        |grp_syfala_Pipeline_VITIS_LOOP_49_1_fu_4505                  |syfala_Pipeline_VITIS_LOOP_49_1                  |   603200|   603200|  4.909 ms|  4.909 ms|  600005|  600005|  loop auto-rewind stp(delay=0 clock cycles(s))|
        |grp_syfala_Pipeline_VITIS_LOOP_67_3_VITIS_LOOP_68_4_fu_5288  |syfala_Pipeline_VITIS_LOOP_67_3_VITIS_LOOP_68_4  |      523|      523|  4.256 us|  4.256 us|     513|     513|  loop auto-rewind stp(delay=0 clock cycles(s))|
        +-------------------------------------------------------------+-------------------------------------------------+---------+---------+----------+----------+--------+--------+-----------------------------------------------+

        * Loop: 
        N/A



================================================================
== Utilization Estimates
================================================================
* Summary: 
+-----------------+---------+------+--------+--------+-----+
|       Name      | BRAM_18K|  DSP |   FF   |   LUT  | URAM|
+-----------------+---------+------+--------+--------+-----+
|DSP              |        -|     -|       -|       -|    -|
|Expression       |        -|     -|       0|      41|    -|
|FIFO             |        -|     -|       -|       -|    -|
|Instance         |      541|   821|  157732|  181515|    0|
|Memory           |        4|     -|       0|       0|    0|
|Multiplexer      |        -|     -|       0|    7030|    -|
|Register         |        -|     -|   16775|       -|    -|
+-----------------+---------+------+--------+--------+-----+
|Total            |      545|   821|  174507|  188586|    0|
+-----------------+---------+------+--------+--------+-----+
|Available        |     1510|  2020|  554800|  277400|    0|
+-----------------+---------+------+--------+--------+-----+
|Utilization (%)  |       36|    40|      31|      67|    0|
+-----------------+---------+------+--------+--------+-----+

+ Detail: 
    * Instance: 
    +-------------------------------------------------------------+-------------------------------------------------+---------+-----+--------+--------+-----+
    |                           Instance                          |                      Module                     | BRAM_18K| DSP |   FF   |   LUT  | URAM|
    +-------------------------------------------------------------+-------------------------------------------------+---------+-----+--------+--------+-----+
    |control_s_axi_U                                              |control_s_axi                                    |        0|    0|     278|     488|    0|
    |fmul_32ns_32ns_32_4_max_dsp_1_U1142                          |fmul_32ns_32ns_32_4_max_dsp_1                    |        0|    3|     143|     321|    0|
    |ram_m_axi_U                                                  |ram_m_axi                                        |       29|    0|    1574|    1662|    0|
    |grp_syfala_Pipeline_1_fu_4500                                |syfala_Pipeline_1                                |        0|    0|      21|      65|    0|
    |grp_syfala_Pipeline_VITIS_LOOP_49_1_fu_4505                  |syfala_Pipeline_VITIS_LOOP_49_1                  |      512|  818|  155442|  178428|    0|
    |grp_syfala_Pipeline_VITIS_LOOP_67_3_VITIS_LOOP_68_4_fu_5288  |syfala_Pipeline_VITIS_LOOP_67_3_VITIS_LOOP_68_4  |        0|    0|     274|     551|    0|
    +-------------------------------------------------------------+-------------------------------------------------+---------+-----+--------+--------+-----+
    |Total                                                        |                                                 |      541|  821|  157732|  181515|    0|
    +-------------------------------------------------------------+-------------------------------------------------+---------+-----+--------+--------+-----+

    * DSP: 
    N/A

    * Memory: 
    +-----------+-----------------------+---------+---+----+-----+------+-----+------+-------------+
    |   Memory  |         Module        | BRAM_18K| FF| LUT| URAM| Words| Bits| Banks| W*Bits*Banks|
    +-----------+-----------------------+---------+---+----+-----+------+-----+------+-------------+
    |input_r_U  |input_r_RAM_AUTO_1R1W  |        2|  0|   0|    0|   256|   32|     1|         8192|
    |output_U   |output_RAM_AUTO_1R1W   |        2|  0|   0|    0|   256|   32|     1|         8192|
    +-----------+-----------------------+---------+---+----+-----+------+-----+------+-------------+
    |Total      |                       |        4|  0|   0|    0|   512|   64|     2|        16384|
    +-----------+-----------------------+---------+---+----+-----+------+-----+------+-------------+

    * FIFO: 
    N/A

    * Expression: 
    +-----------------------------------+----------+----+---+----+------------+------------+
    |           Variable Name           | Operation| DSP| FF| LUT| Bitwidth P0| Bitwidth P1|
    +-----------------------------------+----------+----+---+----+------------+------------+
    |ap_block_state263_on_subcall_done  |       and|   0|  0|   2|           1|           1|
    |icmp_ln35_fu_5297_p2               |      icmp|   0|  0|  39|          32|           1|
    +-----------------------------------+----------+----+---+----+------------+------------+
    |Total                              |          |   0|  0|  41|          33|           2|
    +-----------------------------------+----------+----+---+----+------------+------------+

    * Multiplexer: 
    +------------------------+------+-----------+-----+-----------+
    |          Name          |  LUT | Input Size| Bits| Total Bits|
    +------------------------+------+-----------+-----+-----------+
    |ap_NS_fsm               |  1403|        264|    1|        264|
    |audio_out_0_write       |     9|          2|    1|          2|
    |audio_out_1_write       |     9|          2|    1|          2|
    |grp_fu_11756_ce         |    14|          3|    1|          3|
    |grp_fu_11756_p0         |    14|          3|   32|         96|
    |grp_fu_11756_p1         |    14|          3|   32|         96|
    |input_r_address0_local  |   680|        129|    8|       1032|
    |input_r_address1_local  |   687|        130|    8|       1040|
    |output_address0         |    14|          3|    8|         24|
    |output_address0_local   |  1367|        257|    8|       2056|
    |output_address1_local   |  1367|        257|    8|       2056|
    |output_ce0              |    14|          3|    1|          3|
    |output_d0               |     9|          2|   32|         64|
    |output_d0_local         |   680|        129|   32|       4128|
    |output_d1_local         |   680|        129|   32|       4128|
    |output_we0              |     9|          2|    1|          2|
    |ram_ARADDR              |    14|          3|   64|        192|
    |ram_ARLEN               |    14|          3|   32|         96|
    |ram_ARVALID             |    14|          3|    1|          3|
    |ram_RREADY              |     9|          2|    1|          2|
    |ram_blk_n_AR            |     9|          2|    1|          2|
    +------------------------+------+-----------+-----+-----------+
    |Total                   |  7030|       1331|  305|      15291|
    +------------------------+------+-----------+-----+-----------+

    * Register: 
    +--------------------------------------------------------------------------+-----+----+-----+-----------+
    |                                   Name                                   |  FF | LUT| Bits| Const Bits|
    +--------------------------------------------------------------------------+-----+----+-----+-----------+
    |ap_CS_fsm                                                                 |  263|   0|  263|          0|
    |coeffs_read_reg_6356                                                      |   64|   0|   64|          0|
    |grp_syfala_Pipeline_1_fu_4500_ap_start_reg                                |    1|   0|    1|          0|
    |grp_syfala_Pipeline_VITIS_LOOP_49_1_fu_4505_ap_start_reg                  |    1|   0|    1|          0|
    |grp_syfala_Pipeline_VITIS_LOOP_67_3_VITIS_LOOP_68_4_fu_5288_ap_start_reg  |    1|   0|    1|          0|
    |icmp_ln35_reg_7897                                                        |    1|   0|    1|          0|
    |initialization                                                            |    1|   0|    1|          0|
    |initialization_load_reg_7901                                              |    1|   0|    1|          0|
    |input_load_100_reg_9401                                                   |   32|   0|   32|          0|
    |input_load_101_reg_9426                                                   |   32|   0|   32|          0|
    |input_load_102_reg_9431                                                   |   32|   0|   32|          0|
    |input_load_103_reg_9456                                                   |   32|   0|   32|          0|
    |input_load_104_reg_9461                                                   |   32|   0|   32|          0|
    |input_load_105_reg_9486                                                   |   32|   0|   32|          0|
    |input_load_106_reg_9491                                                   |   32|   0|   32|          0|
    |input_load_107_reg_9516                                                   |   32|   0|   32|          0|
    |input_load_108_reg_9521                                                   |   32|   0|   32|          0|
    |input_load_109_reg_9546                                                   |   32|   0|   32|          0|
    |input_load_10_reg_8051                                                    |   32|   0|   32|          0|
    |input_load_110_reg_9551                                                   |   32|   0|   32|          0|
    |input_load_111_reg_9576                                                   |   32|   0|   32|          0|
    |input_load_112_reg_9581                                                   |   32|   0|   32|          0|
    |input_load_113_reg_9606                                                   |   32|   0|   32|          0|
    |input_load_114_reg_9611                                                   |   32|   0|   32|          0|
    |input_load_115_reg_9636                                                   |   32|   0|   32|          0|
    |input_load_116_reg_9641                                                   |   32|   0|   32|          0|
    |input_load_117_reg_9666                                                   |   32|   0|   32|          0|
    |input_load_118_reg_9671                                                   |   32|   0|   32|          0|
    |input_load_119_reg_9696                                                   |   32|   0|   32|          0|
    |input_load_11_reg_8076                                                    |   32|   0|   32|          0|
    |input_load_120_reg_9701                                                   |   32|   0|   32|          0|
    |input_load_121_reg_9726                                                   |   32|   0|   32|          0|
    |input_load_122_reg_9731                                                   |   32|   0|   32|          0|
    |input_load_123_reg_9756                                                   |   32|   0|   32|          0|
    |input_load_124_reg_9761                                                   |   32|   0|   32|          0|
    |input_load_125_reg_9786                                                   |   32|   0|   32|          0|
    |input_load_126_reg_9791                                                   |   32|   0|   32|          0|
    |input_load_127_reg_9816                                                   |   32|   0|   32|          0|
    |input_load_128_reg_9821                                                   |   32|   0|   32|          0|
    |input_load_129_reg_9846                                                   |   32|   0|   32|          0|
    |input_load_12_reg_8081                                                    |   32|   0|   32|          0|
    |input_load_130_reg_9851                                                   |   32|   0|   32|          0|
    |input_load_131_reg_9876                                                   |   32|   0|   32|          0|
    |input_load_132_reg_9881                                                   |   32|   0|   32|          0|
    |input_load_133_reg_9906                                                   |   32|   0|   32|          0|
    |input_load_134_reg_9911                                                   |   32|   0|   32|          0|
    |input_load_135_reg_9936                                                   |   32|   0|   32|          0|
    |input_load_136_reg_9941                                                   |   32|   0|   32|          0|
    |input_load_137_reg_9966                                                   |   32|   0|   32|          0|
    |input_load_138_reg_9971                                                   |   32|   0|   32|          0|
    |input_load_139_reg_9996                                                   |   32|   0|   32|          0|
    |input_load_13_reg_8106                                                    |   32|   0|   32|          0|
    |input_load_140_reg_10001                                                  |   32|   0|   32|          0|
    |input_load_141_reg_10026                                                  |   32|   0|   32|          0|
    |input_load_142_reg_10031                                                  |   32|   0|   32|          0|
    |input_load_143_reg_10056                                                  |   32|   0|   32|          0|
    |input_load_144_reg_10061                                                  |   32|   0|   32|          0|
    |input_load_145_reg_10086                                                  |   32|   0|   32|          0|
    |input_load_146_reg_10091                                                  |   32|   0|   32|          0|
    |input_load_147_reg_10116                                                  |   32|   0|   32|          0|
    |input_load_148_reg_10121                                                  |   32|   0|   32|          0|
    |input_load_149_reg_10146                                                  |   32|   0|   32|          0|
    |input_load_14_reg_8111                                                    |   32|   0|   32|          0|
    |input_load_150_reg_10151                                                  |   32|   0|   32|          0|
    |input_load_151_reg_10176                                                  |   32|   0|   32|          0|
    |input_load_152_reg_10181                                                  |   32|   0|   32|          0|
    |input_load_153_reg_10206                                                  |   32|   0|   32|          0|
    |input_load_154_reg_10211                                                  |   32|   0|   32|          0|
    |input_load_155_reg_10236                                                  |   32|   0|   32|          0|
    |input_load_156_reg_10241                                                  |   32|   0|   32|          0|
    |input_load_157_reg_10266                                                  |   32|   0|   32|          0|
    |input_load_158_reg_10271                                                  |   32|   0|   32|          0|
    |input_load_159_reg_10296                                                  |   32|   0|   32|          0|
    |input_load_15_reg_8136                                                    |   32|   0|   32|          0|
    |input_load_160_reg_10301                                                  |   32|   0|   32|          0|
    |input_load_161_reg_10326                                                  |   32|   0|   32|          0|
    |input_load_162_reg_10331                                                  |   32|   0|   32|          0|
    |input_load_163_reg_10356                                                  |   32|   0|   32|          0|
    |input_load_164_reg_10361                                                  |   32|   0|   32|          0|
    |input_load_165_reg_10386                                                  |   32|   0|   32|          0|
    |input_load_166_reg_10391                                                  |   32|   0|   32|          0|
    |input_load_167_reg_10416                                                  |   32|   0|   32|          0|
    |input_load_168_reg_10421                                                  |   32|   0|   32|          0|
    |input_load_169_reg_10446                                                  |   32|   0|   32|          0|
    |input_load_16_reg_8141                                                    |   32|   0|   32|          0|
    |input_load_170_reg_10451                                                  |   32|   0|   32|          0|
    |input_load_171_reg_10476                                                  |   32|   0|   32|          0|
    |input_load_172_reg_10481                                                  |   32|   0|   32|          0|
    |input_load_173_reg_10506                                                  |   32|   0|   32|          0|
    |input_load_174_reg_10511                                                  |   32|   0|   32|          0|
    |input_load_175_reg_10536                                                  |   32|   0|   32|          0|
    |input_load_176_reg_10541                                                  |   32|   0|   32|          0|
    |input_load_177_reg_10566                                                  |   32|   0|   32|          0|
    |input_load_178_reg_10571                                                  |   32|   0|   32|          0|
    |input_load_179_reg_10596                                                  |   32|   0|   32|          0|
    |input_load_17_reg_8166                                                    |   32|   0|   32|          0|
    |input_load_180_reg_10601                                                  |   32|   0|   32|          0|
    |input_load_181_reg_10626                                                  |   32|   0|   32|          0|
    |input_load_182_reg_10631                                                  |   32|   0|   32|          0|
    |input_load_183_reg_10656                                                  |   32|   0|   32|          0|
    |input_load_184_reg_10661                                                  |   32|   0|   32|          0|
    |input_load_185_reg_10686                                                  |   32|   0|   32|          0|
    |input_load_186_reg_10691                                                  |   32|   0|   32|          0|
    |input_load_187_reg_10716                                                  |   32|   0|   32|          0|
    |input_load_188_reg_10721                                                  |   32|   0|   32|          0|
    |input_load_189_reg_10746                                                  |   32|   0|   32|          0|
    |input_load_18_reg_8171                                                    |   32|   0|   32|          0|
    |input_load_190_reg_10751                                                  |   32|   0|   32|          0|
    |input_load_191_reg_10776                                                  |   32|   0|   32|          0|
    |input_load_192_reg_10781                                                  |   32|   0|   32|          0|
    |input_load_193_reg_10806                                                  |   32|   0|   32|          0|
    |input_load_194_reg_10811                                                  |   32|   0|   32|          0|
    |input_load_195_reg_10836                                                  |   32|   0|   32|          0|
    |input_load_196_reg_10841                                                  |   32|   0|   32|          0|
    |input_load_197_reg_10866                                                  |   32|   0|   32|          0|
    |input_load_198_reg_10871                                                  |   32|   0|   32|          0|
    |input_load_199_reg_10896                                                  |   32|   0|   32|          0|
    |input_load_19_reg_8196                                                    |   32|   0|   32|          0|
    |input_load_1_reg_7926                                                     |   32|   0|   32|          0|
    |input_load_200_reg_10901                                                  |   32|   0|   32|          0|
    |input_load_201_reg_10926                                                  |   32|   0|   32|          0|
    |input_load_202_reg_10931                                                  |   32|   0|   32|          0|
    |input_load_203_reg_10956                                                  |   32|   0|   32|          0|
    |input_load_204_reg_10961                                                  |   32|   0|   32|          0|
    |input_load_205_reg_10986                                                  |   32|   0|   32|          0|
    |input_load_206_reg_10991                                                  |   32|   0|   32|          0|
    |input_load_207_reg_11016                                                  |   32|   0|   32|          0|
    |input_load_208_reg_11021                                                  |   32|   0|   32|          0|
    |input_load_209_reg_11046                                                  |   32|   0|   32|          0|
    |input_load_20_reg_8201                                                    |   32|   0|   32|          0|
    |input_load_210_reg_11051                                                  |   32|   0|   32|          0|
    |input_load_211_reg_11076                                                  |   32|   0|   32|          0|
    |input_load_212_reg_11081                                                  |   32|   0|   32|          0|
    |input_load_213_reg_11106                                                  |   32|   0|   32|          0|
    |input_load_214_reg_11111                                                  |   32|   0|   32|          0|
    |input_load_215_reg_11136                                                  |   32|   0|   32|          0|
    |input_load_216_reg_11141                                                  |   32|   0|   32|          0|
    |input_load_217_reg_11166                                                  |   32|   0|   32|          0|
    |input_load_218_reg_11171                                                  |   32|   0|   32|          0|
    |input_load_219_reg_11196                                                  |   32|   0|   32|          0|
    |input_load_21_reg_8226                                                    |   32|   0|   32|          0|
    |input_load_220_reg_11201                                                  |   32|   0|   32|          0|
    |input_load_221_reg_11226                                                  |   32|   0|   32|          0|
    |input_load_222_reg_11231                                                  |   32|   0|   32|          0|
    |input_load_223_reg_11256                                                  |   32|   0|   32|          0|
    |input_load_224_reg_11261                                                  |   32|   0|   32|          0|
    |input_load_225_reg_11286                                                  |   32|   0|   32|          0|
    |input_load_226_reg_11291                                                  |   32|   0|   32|          0|
    |input_load_227_reg_11316                                                  |   32|   0|   32|          0|
    |input_load_228_reg_11321                                                  |   32|   0|   32|          0|
    |input_load_229_reg_11346                                                  |   32|   0|   32|          0|
    |input_load_22_reg_8231                                                    |   32|   0|   32|          0|
    |input_load_230_reg_11351                                                  |   32|   0|   32|          0|
    |input_load_231_reg_11376                                                  |   32|   0|   32|          0|
    |input_load_232_reg_11381                                                  |   32|   0|   32|          0|
    |input_load_233_reg_11406                                                  |   32|   0|   32|          0|
    |input_load_234_reg_11411                                                  |   32|   0|   32|          0|
    |input_load_235_reg_11436                                                  |   32|   0|   32|          0|
    |input_load_236_reg_11441                                                  |   32|   0|   32|          0|
    |input_load_237_reg_11466                                                  |   32|   0|   32|          0|
    |input_load_238_reg_11471                                                  |   32|   0|   32|          0|
    |input_load_239_reg_11496                                                  |   32|   0|   32|          0|
    |input_load_23_reg_8256                                                    |   32|   0|   32|          0|
    |input_load_240_reg_11501                                                  |   32|   0|   32|          0|
    |input_load_241_reg_11526                                                  |   32|   0|   32|          0|
    |input_load_242_reg_11531                                                  |   32|   0|   32|          0|
    |input_load_243_reg_11556                                                  |   32|   0|   32|          0|
    |input_load_244_reg_11561                                                  |   32|   0|   32|          0|
    |input_load_245_reg_11586                                                  |   32|   0|   32|          0|
    |input_load_246_reg_11591                                                  |   32|   0|   32|          0|
    |input_load_247_reg_11616                                                  |   32|   0|   32|          0|
    |input_load_248_reg_11621                                                  |   32|   0|   32|          0|
    |input_load_249_reg_11646                                                  |   32|   0|   32|          0|
    |input_load_24_reg_8261                                                    |   32|   0|   32|          0|
    |input_load_250_reg_11651                                                  |   32|   0|   32|          0|
    |input_load_251_reg_11676                                                  |   32|   0|   32|          0|
    |input_load_252_reg_11681                                                  |   32|   0|   32|          0|
    |input_load_253_reg_11706                                                  |   32|   0|   32|          0|
    |input_load_254_reg_11711                                                  |   32|   0|   32|          0|
    |input_load_255_reg_11741                                                  |   32|   0|   32|          0|
    |input_load_25_reg_8286                                                    |   32|   0|   32|          0|
    |input_load_26_reg_8291                                                    |   32|   0|   32|          0|
    |input_load_27_reg_8316                                                    |   32|   0|   32|          0|
    |input_load_28_reg_8321                                                    |   32|   0|   32|          0|
    |input_load_29_reg_8346                                                    |   32|   0|   32|          0|
    |input_load_2_reg_7931                                                     |   32|   0|   32|          0|
    |input_load_30_reg_8351                                                    |   32|   0|   32|          0|
    |input_load_31_reg_8376                                                    |   32|   0|   32|          0|
    |input_load_32_reg_8381                                                    |   32|   0|   32|          0|
    |input_load_33_reg_8406                                                    |   32|   0|   32|          0|
    |input_load_34_reg_8411                                                    |   32|   0|   32|          0|
    |input_load_35_reg_8436                                                    |   32|   0|   32|          0|
    |input_load_36_reg_8441                                                    |   32|   0|   32|          0|
    |input_load_37_reg_8466                                                    |   32|   0|   32|          0|
    |input_load_38_reg_8471                                                    |   32|   0|   32|          0|
    |input_load_39_reg_8496                                                    |   32|   0|   32|          0|
    |input_load_3_reg_7956                                                     |   32|   0|   32|          0|
    |input_load_40_reg_8501                                                    |   32|   0|   32|          0|
    |input_load_41_reg_8526                                                    |   32|   0|   32|          0|
    |input_load_42_reg_8531                                                    |   32|   0|   32|          0|
    |input_load_43_reg_8556                                                    |   32|   0|   32|          0|
    |input_load_44_reg_8561                                                    |   32|   0|   32|          0|
    |input_load_45_reg_8586                                                    |   32|   0|   32|          0|
    |input_load_46_reg_8591                                                    |   32|   0|   32|          0|
    |input_load_47_reg_8616                                                    |   32|   0|   32|          0|
    |input_load_48_reg_8621                                                    |   32|   0|   32|          0|
    |input_load_49_reg_8646                                                    |   32|   0|   32|          0|
    |input_load_4_reg_7961                                                     |   32|   0|   32|          0|
    |input_load_50_reg_8651                                                    |   32|   0|   32|          0|
    |input_load_51_reg_8676                                                    |   32|   0|   32|          0|
    |input_load_52_reg_8681                                                    |   32|   0|   32|          0|
    |input_load_53_reg_8706                                                    |   32|   0|   32|          0|
    |input_load_54_reg_8711                                                    |   32|   0|   32|          0|
    |input_load_55_reg_8736                                                    |   32|   0|   32|          0|
    |input_load_56_reg_8741                                                    |   32|   0|   32|          0|
    |input_load_57_reg_8766                                                    |   32|   0|   32|          0|
    |input_load_58_reg_8771                                                    |   32|   0|   32|          0|
    |input_load_59_reg_8796                                                    |   32|   0|   32|          0|
    |input_load_5_reg_7986                                                     |   32|   0|   32|          0|
    |input_load_60_reg_8801                                                    |   32|   0|   32|          0|
    |input_load_61_reg_8826                                                    |   32|   0|   32|          0|
    |input_load_62_reg_8831                                                    |   32|   0|   32|          0|
    |input_load_63_reg_8856                                                    |   32|   0|   32|          0|
    |input_load_64_reg_8861                                                    |   32|   0|   32|          0|
    |input_load_65_reg_8886                                                    |   32|   0|   32|          0|
    |input_load_66_reg_8891                                                    |   32|   0|   32|          0|
    |input_load_67_reg_8916                                                    |   32|   0|   32|          0|
    |input_load_68_reg_8921                                                    |   32|   0|   32|          0|
    |input_load_69_reg_8946                                                    |   32|   0|   32|          0|
    |input_load_6_reg_7991                                                     |   32|   0|   32|          0|
    |input_load_70_reg_8951                                                    |   32|   0|   32|          0|
    |input_load_71_reg_8976                                                    |   32|   0|   32|          0|
    |input_load_72_reg_8981                                                    |   32|   0|   32|          0|
    |input_load_73_reg_9006                                                    |   32|   0|   32|          0|
    |input_load_74_reg_9011                                                    |   32|   0|   32|          0|
    |input_load_75_reg_9036                                                    |   32|   0|   32|          0|
    |input_load_76_reg_9041                                                    |   32|   0|   32|          0|
    |input_load_77_reg_9066                                                    |   32|   0|   32|          0|
    |input_load_78_reg_9071                                                    |   32|   0|   32|          0|
    |input_load_79_reg_9096                                                    |   32|   0|   32|          0|
    |input_load_7_reg_8016                                                     |   32|   0|   32|          0|
    |input_load_80_reg_9101                                                    |   32|   0|   32|          0|
    |input_load_81_reg_9126                                                    |   32|   0|   32|          0|
    |input_load_82_reg_9131                                                    |   32|   0|   32|          0|
    |input_load_83_reg_9156                                                    |   32|   0|   32|          0|
    |input_load_84_reg_9161                                                    |   32|   0|   32|          0|
    |input_load_85_reg_9186                                                    |   32|   0|   32|          0|
    |input_load_86_reg_9191                                                    |   32|   0|   32|          0|
    |input_load_87_reg_9216                                                    |   32|   0|   32|          0|
    |input_load_88_reg_9221                                                    |   32|   0|   32|          0|
    |input_load_89_reg_9246                                                    |   32|   0|   32|          0|
    |input_load_8_reg_8021                                                     |   32|   0|   32|          0|
    |input_load_90_reg_9251                                                    |   32|   0|   32|          0|
    |input_load_91_reg_9276                                                    |   32|   0|   32|          0|
    |input_load_92_reg_9281                                                    |   32|   0|   32|          0|
    |input_load_93_reg_9306                                                    |   32|   0|   32|          0|
    |input_load_94_reg_9311                                                    |   32|   0|   32|          0|
    |input_load_95_reg_9336                                                    |   32|   0|   32|          0|
    |input_load_96_reg_9341                                                    |   32|   0|   32|          0|
    |input_load_97_reg_9366                                                    |   32|   0|   32|          0|
    |input_load_98_reg_9371                                                    |   32|   0|   32|          0|
    |input_load_99_reg_9396                                                    |   32|   0|   32|          0|
    |input_load_9_reg_8046                                                     |   32|   0|   32|          0|
    |input_load_reg_11736                                                      |   32|   0|   32|          0|
    |output_load_100_reg_9446                                                  |   32|   0|   32|          0|
    |output_load_101_reg_9451                                                  |   32|   0|   32|          0|
    |output_load_102_reg_9476                                                  |   32|   0|   32|          0|
    |output_load_103_reg_9481                                                  |   32|   0|   32|          0|
    |output_load_104_reg_9506                                                  |   32|   0|   32|          0|
    |output_load_105_reg_9511                                                  |   32|   0|   32|          0|
    |output_load_106_reg_9536                                                  |   32|   0|   32|          0|
    |output_load_107_reg_9541                                                  |   32|   0|   32|          0|
    |output_load_108_reg_9566                                                  |   32|   0|   32|          0|
    |output_load_109_reg_9571                                                  |   32|   0|   32|          0|
    |output_load_10_reg_8096                                                   |   32|   0|   32|          0|
    |output_load_110_reg_9596                                                  |   32|   0|   32|          0|
    |output_load_111_reg_9601                                                  |   32|   0|   32|          0|
    |output_load_112_reg_9626                                                  |   32|   0|   32|          0|
    |output_load_113_reg_9631                                                  |   32|   0|   32|          0|
    |output_load_114_reg_9656                                                  |   32|   0|   32|          0|
    |output_load_115_reg_9661                                                  |   32|   0|   32|          0|
    |output_load_116_reg_9686                                                  |   32|   0|   32|          0|
    |output_load_117_reg_9691                                                  |   32|   0|   32|          0|
    |output_load_118_reg_9716                                                  |   32|   0|   32|          0|
    |output_load_119_reg_9721                                                  |   32|   0|   32|          0|
    |output_load_11_reg_8101                                                   |   32|   0|   32|          0|
    |output_load_120_reg_9746                                                  |   32|   0|   32|          0|
    |output_load_121_reg_9751                                                  |   32|   0|   32|          0|
    |output_load_122_reg_9776                                                  |   32|   0|   32|          0|
    |output_load_123_reg_9781                                                  |   32|   0|   32|          0|
    |output_load_124_reg_9806                                                  |   32|   0|   32|          0|
    |output_load_125_reg_9811                                                  |   32|   0|   32|          0|
    |output_load_126_reg_9836                                                  |   32|   0|   32|          0|
    |output_load_127_reg_9841                                                  |   32|   0|   32|          0|
    |output_load_128_reg_9866                                                  |   32|   0|   32|          0|
    |output_load_129_reg_9871                                                  |   32|   0|   32|          0|
    |output_load_12_reg_8126                                                   |   32|   0|   32|          0|
    |output_load_130_reg_9896                                                  |   32|   0|   32|          0|
    |output_load_131_reg_9901                                                  |   32|   0|   32|          0|
    |output_load_132_reg_9926                                                  |   32|   0|   32|          0|
    |output_load_133_reg_9931                                                  |   32|   0|   32|          0|
    |output_load_134_reg_9956                                                  |   32|   0|   32|          0|
    |output_load_135_reg_9961                                                  |   32|   0|   32|          0|
    |output_load_136_reg_9986                                                  |   32|   0|   32|          0|
    |output_load_137_reg_9991                                                  |   32|   0|   32|          0|
    |output_load_138_reg_10016                                                 |   32|   0|   32|          0|
    |output_load_139_reg_10021                                                 |   32|   0|   32|          0|
    |output_load_13_reg_8131                                                   |   32|   0|   32|          0|
    |output_load_140_reg_10046                                                 |   32|   0|   32|          0|
    |output_load_141_reg_10051                                                 |   32|   0|   32|          0|
    |output_load_142_reg_10076                                                 |   32|   0|   32|          0|
    |output_load_143_reg_10081                                                 |   32|   0|   32|          0|
    |output_load_144_reg_10106                                                 |   32|   0|   32|          0|
    |output_load_145_reg_10111                                                 |   32|   0|   32|          0|
    |output_load_146_reg_10136                                                 |   32|   0|   32|          0|
    |output_load_147_reg_10141                                                 |   32|   0|   32|          0|
    |output_load_148_reg_10166                                                 |   32|   0|   32|          0|
    |output_load_149_reg_10171                                                 |   32|   0|   32|          0|
    |output_load_14_reg_8156                                                   |   32|   0|   32|          0|
    |output_load_150_reg_10196                                                 |   32|   0|   32|          0|
    |output_load_151_reg_10201                                                 |   32|   0|   32|          0|
    |output_load_152_reg_10226                                                 |   32|   0|   32|          0|
    |output_load_153_reg_10231                                                 |   32|   0|   32|          0|
    |output_load_154_reg_10256                                                 |   32|   0|   32|          0|
    |output_load_155_reg_10261                                                 |   32|   0|   32|          0|
    |output_load_156_reg_10286                                                 |   32|   0|   32|          0|
    |output_load_157_reg_10291                                                 |   32|   0|   32|          0|
    |output_load_158_reg_10316                                                 |   32|   0|   32|          0|
    |output_load_159_reg_10321                                                 |   32|   0|   32|          0|
    |output_load_15_reg_8161                                                   |   32|   0|   32|          0|
    |output_load_160_reg_10346                                                 |   32|   0|   32|          0|
    |output_load_161_reg_10351                                                 |   32|   0|   32|          0|
    |output_load_162_reg_10376                                                 |   32|   0|   32|          0|
    |output_load_163_reg_10381                                                 |   32|   0|   32|          0|
    |output_load_164_reg_10406                                                 |   32|   0|   32|          0|
    |output_load_165_reg_10411                                                 |   32|   0|   32|          0|
    |output_load_166_reg_10436                                                 |   32|   0|   32|          0|
    |output_load_167_reg_10441                                                 |   32|   0|   32|          0|
    |output_load_168_reg_10466                                                 |   32|   0|   32|          0|
    |output_load_169_reg_10471                                                 |   32|   0|   32|          0|
    |output_load_16_reg_8186                                                   |   32|   0|   32|          0|
    |output_load_170_reg_10496                                                 |   32|   0|   32|          0|
    |output_load_171_reg_10501                                                 |   32|   0|   32|          0|
    |output_load_172_reg_10526                                                 |   32|   0|   32|          0|
    |output_load_173_reg_10531                                                 |   32|   0|   32|          0|
    |output_load_174_reg_10556                                                 |   32|   0|   32|          0|
    |output_load_175_reg_10561                                                 |   32|   0|   32|          0|
    |output_load_176_reg_10586                                                 |   32|   0|   32|          0|
    |output_load_177_reg_10591                                                 |   32|   0|   32|          0|
    |output_load_178_reg_10616                                                 |   32|   0|   32|          0|
    |output_load_179_reg_10621                                                 |   32|   0|   32|          0|
    |output_load_17_reg_8191                                                   |   32|   0|   32|          0|
    |output_load_180_reg_10646                                                 |   32|   0|   32|          0|
    |output_load_181_reg_10651                                                 |   32|   0|   32|          0|
    |output_load_182_reg_10676                                                 |   32|   0|   32|          0|
    |output_load_183_reg_10681                                                 |   32|   0|   32|          0|
    |output_load_184_reg_10706                                                 |   32|   0|   32|          0|
    |output_load_185_reg_10711                                                 |   32|   0|   32|          0|
    |output_load_186_reg_10736                                                 |   32|   0|   32|          0|
    |output_load_187_reg_10741                                                 |   32|   0|   32|          0|
    |output_load_188_reg_10766                                                 |   32|   0|   32|          0|
    |output_load_189_reg_10771                                                 |   32|   0|   32|          0|
    |output_load_18_reg_8216                                                   |   32|   0|   32|          0|
    |output_load_190_reg_10796                                                 |   32|   0|   32|          0|
    |output_load_191_reg_10801                                                 |   32|   0|   32|          0|
    |output_load_192_reg_10826                                                 |   32|   0|   32|          0|
    |output_load_193_reg_10831                                                 |   32|   0|   32|          0|
    |output_load_194_reg_10856                                                 |   32|   0|   32|          0|
    |output_load_195_reg_10861                                                 |   32|   0|   32|          0|
    |output_load_196_reg_10886                                                 |   32|   0|   32|          0|
    |output_load_197_reg_10891                                                 |   32|   0|   32|          0|
    |output_load_198_reg_10916                                                 |   32|   0|   32|          0|
    |output_load_199_reg_10921                                                 |   32|   0|   32|          0|
    |output_load_19_reg_8221                                                   |   32|   0|   32|          0|
    |output_load_1_reg_7951                                                    |   32|   0|   32|          0|
    |output_load_200_reg_10946                                                 |   32|   0|   32|          0|
    |output_load_201_reg_10951                                                 |   32|   0|   32|          0|
    |output_load_202_reg_10976                                                 |   32|   0|   32|          0|
    |output_load_203_reg_10981                                                 |   32|   0|   32|          0|
    |output_load_204_reg_11006                                                 |   32|   0|   32|          0|
    |output_load_205_reg_11011                                                 |   32|   0|   32|          0|
    |output_load_206_reg_11036                                                 |   32|   0|   32|          0|
    |output_load_207_reg_11041                                                 |   32|   0|   32|          0|
    |output_load_208_reg_11066                                                 |   32|   0|   32|          0|
    |output_load_209_reg_11071                                                 |   32|   0|   32|          0|
    |output_load_20_reg_8246                                                   |   32|   0|   32|          0|
    |output_load_210_reg_11096                                                 |   32|   0|   32|          0|
    |output_load_211_reg_11101                                                 |   32|   0|   32|          0|
    |output_load_212_reg_11126                                                 |   32|   0|   32|          0|
    |output_load_213_reg_11131                                                 |   32|   0|   32|          0|
    |output_load_214_reg_11156                                                 |   32|   0|   32|          0|
    |output_load_215_reg_11161                                                 |   32|   0|   32|          0|
    |output_load_216_reg_11186                                                 |   32|   0|   32|          0|
    |output_load_217_reg_11191                                                 |   32|   0|   32|          0|
    |output_load_218_reg_11216                                                 |   32|   0|   32|          0|
    |output_load_219_reg_11221                                                 |   32|   0|   32|          0|
    |output_load_21_reg_8251                                                   |   32|   0|   32|          0|
    |output_load_220_reg_11246                                                 |   32|   0|   32|          0|
    |output_load_221_reg_11251                                                 |   32|   0|   32|          0|
    |output_load_222_reg_11276                                                 |   32|   0|   32|          0|
    |output_load_223_reg_11281                                                 |   32|   0|   32|          0|
    |output_load_224_reg_11306                                                 |   32|   0|   32|          0|
    |output_load_225_reg_11311                                                 |   32|   0|   32|          0|
    |output_load_226_reg_11336                                                 |   32|   0|   32|          0|
    |output_load_227_reg_11341                                                 |   32|   0|   32|          0|
    |output_load_228_reg_11366                                                 |   32|   0|   32|          0|
    |output_load_229_reg_11371                                                 |   32|   0|   32|          0|
    |output_load_22_reg_8276                                                   |   32|   0|   32|          0|
    |output_load_230_reg_11396                                                 |   32|   0|   32|          0|
    |output_load_231_reg_11401                                                 |   32|   0|   32|          0|
    |output_load_232_reg_11426                                                 |   32|   0|   32|          0|
    |output_load_233_reg_11431                                                 |   32|   0|   32|          0|
    |output_load_234_reg_11456                                                 |   32|   0|   32|          0|
    |output_load_235_reg_11461                                                 |   32|   0|   32|          0|
    |output_load_236_reg_11486                                                 |   32|   0|   32|          0|
    |output_load_237_reg_11491                                                 |   32|   0|   32|          0|
    |output_load_238_reg_11516                                                 |   32|   0|   32|          0|
    |output_load_239_reg_11521                                                 |   32|   0|   32|          0|
    |output_load_23_reg_8281                                                   |   32|   0|   32|          0|
    |output_load_240_reg_11546                                                 |   32|   0|   32|          0|
    |output_load_241_reg_11551                                                 |   32|   0|   32|          0|
    |output_load_242_reg_11576                                                 |   32|   0|   32|          0|
    |output_load_243_reg_11581                                                 |   32|   0|   32|          0|
    |output_load_244_reg_11606                                                 |   32|   0|   32|          0|
    |output_load_245_reg_11611                                                 |   32|   0|   32|          0|
    |output_load_246_reg_11636                                                 |   32|   0|   32|          0|
    |output_load_247_reg_11641                                                 |   32|   0|   32|          0|
    |output_load_248_reg_11666                                                 |   32|   0|   32|          0|
    |output_load_249_reg_11671                                                 |   32|   0|   32|          0|
    |output_load_24_reg_8306                                                   |   32|   0|   32|          0|
    |output_load_250_reg_11696                                                 |   32|   0|   32|          0|
    |output_load_251_reg_11701                                                 |   32|   0|   32|          0|
    |output_load_252_reg_11726                                                 |   32|   0|   32|          0|
    |output_load_253_reg_11731                                                 |   32|   0|   32|          0|
    |output_load_254_reg_11746                                                 |   32|   0|   32|          0|
    |output_load_255_reg_11751                                                 |   32|   0|   32|          0|
    |output_load_25_reg_8311                                                   |   32|   0|   32|          0|
    |output_load_26_reg_8336                                                   |   32|   0|   32|          0|
    |output_load_27_reg_8341                                                   |   32|   0|   32|          0|
    |output_load_28_reg_8366                                                   |   32|   0|   32|          0|
    |output_load_29_reg_8371                                                   |   32|   0|   32|          0|
    |output_load_2_reg_7976                                                    |   32|   0|   32|          0|
    |output_load_30_reg_8396                                                   |   32|   0|   32|          0|
    |output_load_31_reg_8401                                                   |   32|   0|   32|          0|
    |output_load_32_reg_8426                                                   |   32|   0|   32|          0|
    |output_load_33_reg_8431                                                   |   32|   0|   32|          0|
    |output_load_34_reg_8456                                                   |   32|   0|   32|          0|
    |output_load_35_reg_8461                                                   |   32|   0|   32|          0|
    |output_load_36_reg_8486                                                   |   32|   0|   32|          0|
    |output_load_37_reg_8491                                                   |   32|   0|   32|          0|
    |output_load_38_reg_8516                                                   |   32|   0|   32|          0|
    |output_load_39_reg_8521                                                   |   32|   0|   32|          0|
    |output_load_3_reg_7981                                                    |   32|   0|   32|          0|
    |output_load_40_reg_8546                                                   |   32|   0|   32|          0|
    |output_load_41_reg_8551                                                   |   32|   0|   32|          0|
    |output_load_42_reg_8576                                                   |   32|   0|   32|          0|
    |output_load_43_reg_8581                                                   |   32|   0|   32|          0|
    |output_load_44_reg_8606                                                   |   32|   0|   32|          0|
    |output_load_45_reg_8611                                                   |   32|   0|   32|          0|
    |output_load_46_reg_8636                                                   |   32|   0|   32|          0|
    |output_load_47_reg_8641                                                   |   32|   0|   32|          0|
    |output_load_48_reg_8666                                                   |   32|   0|   32|          0|
    |output_load_49_reg_8671                                                   |   32|   0|   32|          0|
    |output_load_4_reg_8006                                                    |   32|   0|   32|          0|
    |output_load_50_reg_8696                                                   |   32|   0|   32|          0|
    |output_load_51_reg_8701                                                   |   32|   0|   32|          0|
    |output_load_52_reg_8726                                                   |   32|   0|   32|          0|
    |output_load_53_reg_8731                                                   |   32|   0|   32|          0|
    |output_load_54_reg_8756                                                   |   32|   0|   32|          0|
    |output_load_55_reg_8761                                                   |   32|   0|   32|          0|
    |output_load_56_reg_8786                                                   |   32|   0|   32|          0|
    |output_load_57_reg_8791                                                   |   32|   0|   32|          0|
    |output_load_58_reg_8816                                                   |   32|   0|   32|          0|
    |output_load_59_reg_8821                                                   |   32|   0|   32|          0|
    |output_load_5_reg_8011                                                    |   32|   0|   32|          0|
    |output_load_60_reg_8846                                                   |   32|   0|   32|          0|
    |output_load_61_reg_8851                                                   |   32|   0|   32|          0|
    |output_load_62_reg_8876                                                   |   32|   0|   32|          0|
    |output_load_63_reg_8881                                                   |   32|   0|   32|          0|
    |output_load_64_reg_8906                                                   |   32|   0|   32|          0|
    |output_load_65_reg_8911                                                   |   32|   0|   32|          0|
    |output_load_66_reg_8936                                                   |   32|   0|   32|          0|
    |output_load_67_reg_8941                                                   |   32|   0|   32|          0|
    |output_load_68_reg_8966                                                   |   32|   0|   32|          0|
    |output_load_69_reg_8971                                                   |   32|   0|   32|          0|
    |output_load_6_reg_8036                                                    |   32|   0|   32|          0|
    |output_load_70_reg_8996                                                   |   32|   0|   32|          0|
    |output_load_71_reg_9001                                                   |   32|   0|   32|          0|
    |output_load_72_reg_9026                                                   |   32|   0|   32|          0|
    |output_load_73_reg_9031                                                   |   32|   0|   32|          0|
    |output_load_74_reg_9056                                                   |   32|   0|   32|          0|
    |output_load_75_reg_9061                                                   |   32|   0|   32|          0|
    |output_load_76_reg_9086                                                   |   32|   0|   32|          0|
    |output_load_77_reg_9091                                                   |   32|   0|   32|          0|
    |output_load_78_reg_9116                                                   |   32|   0|   32|          0|
    |output_load_79_reg_9121                                                   |   32|   0|   32|          0|
    |output_load_7_reg_8041                                                    |   32|   0|   32|          0|
    |output_load_80_reg_9146                                                   |   32|   0|   32|          0|
    |output_load_81_reg_9151                                                   |   32|   0|   32|          0|
    |output_load_82_reg_9176                                                   |   32|   0|   32|          0|
    |output_load_83_reg_9181                                                   |   32|   0|   32|          0|
    |output_load_84_reg_9206                                                   |   32|   0|   32|          0|
    |output_load_85_reg_9211                                                   |   32|   0|   32|          0|
    |output_load_86_reg_9236                                                   |   32|   0|   32|          0|
    |output_load_87_reg_9241                                                   |   32|   0|   32|          0|
    |output_load_88_reg_9266                                                   |   32|   0|   32|          0|
    |output_load_89_reg_9271                                                   |   32|   0|   32|          0|
    |output_load_8_reg_8066                                                    |   32|   0|   32|          0|
    |output_load_90_reg_9296                                                   |   32|   0|   32|          0|
    |output_load_91_reg_9301                                                   |   32|   0|   32|          0|
    |output_load_92_reg_9326                                                   |   32|   0|   32|          0|
    |output_load_93_reg_9331                                                   |   32|   0|   32|          0|
    |output_load_94_reg_9356                                                   |   32|   0|   32|          0|
    |output_load_95_reg_9361                                                   |   32|   0|   32|          0|
    |output_load_96_reg_9386                                                   |   32|   0|   32|          0|
    |output_load_97_reg_9391                                                   |   32|   0|   32|          0|
    |output_load_98_reg_9416                                                   |   32|   0|   32|          0|
    |output_load_99_reg_9421                                                   |   32|   0|   32|          0|
    |output_load_9_reg_8071                                                    |   32|   0|   32|          0|
    |output_load_reg_7946                                                      |   32|   0|   32|          0|
    |trunc_ln_reg_7905                                                         |   58|   0|   58|          0|
    +--------------------------------------------------------------------------+-----+----+-----+-----------+
    |Total                                                                     |16775|   0|16775|          0|
    +--------------------------------------------------------------------------+-----+----+-----+-----------+



================================================================
== Interface
================================================================
* Summary: 
+-----------------------+-----+-----+------------+--------------+--------------+
|       RTL Ports       | Dir | Bits|  Protocol  | Source Object|    C Type    |
+-----------------------+-----+-----+------------+--------------+--------------+
|s_axi_control_AWVALID  |   in|    1|       s_axi|       control|        scalar|
|s_axi_control_AWREADY  |  out|    1|       s_axi|       control|        scalar|
|s_axi_control_AWADDR   |   in|    6|       s_axi|       control|        scalar|
|s_axi_control_WVALID   |   in|    1|       s_axi|       control|        scalar|
|s_axi_control_WREADY   |  out|    1|       s_axi|       control|        scalar|
|s_axi_control_WDATA    |   in|   32|       s_axi|       control|        scalar|
|s_axi_control_WSTRB    |   in|    4|       s_axi|       control|        scalar|
|s_axi_control_ARVALID  |   in|    1|       s_axi|       control|        scalar|
|s_axi_control_ARREADY  |  out|    1|       s_axi|       control|        scalar|
|s_axi_control_ARADDR   |   in|    6|       s_axi|       control|        scalar|
|s_axi_control_RVALID   |  out|    1|       s_axi|       control|        scalar|
|s_axi_control_RREADY   |   in|    1|       s_axi|       control|        scalar|
|s_axi_control_RDATA    |  out|   32|       s_axi|       control|        scalar|
|s_axi_control_RRESP    |  out|    2|       s_axi|       control|        scalar|
|s_axi_control_BVALID   |  out|    1|       s_axi|       control|        scalar|
|s_axi_control_BREADY   |   in|    1|       s_axi|       control|        scalar|
|s_axi_control_BRESP    |  out|    2|       s_axi|       control|        scalar|
|ap_clk                 |   in|    1|  ap_ctrl_hs|        syfala|  return value|
|ap_rst_n               |   in|    1|  ap_ctrl_hs|        syfala|  return value|
|ap_start               |   in|    1|  ap_ctrl_hs|        syfala|  return value|
|ap_done                |  out|    1|  ap_ctrl_hs|        syfala|  return value|
|ap_idle                |  out|    1|  ap_ctrl_hs|        syfala|  return value|
|ap_ready               |  out|    1|  ap_ctrl_hs|        syfala|  return value|
|m_axi_ram_AWVALID      |  out|    1|       m_axi|           ram|       pointer|
|m_axi_ram_AWREADY      |   in|    1|       m_axi|           ram|       pointer|
|m_axi_ram_AWADDR       |  out|   64|       m_axi|           ram|       pointer|
|m_axi_ram_AWID         |  out|    1|       m_axi|           ram|       pointer|
|m_axi_ram_AWLEN        |  out|    8|       m_axi|           ram|       pointer|
|m_axi_ram_AWSIZE       |  out|    3|       m_axi|           ram|       pointer|
|m_axi_ram_AWBURST      |  out|    2|       m_axi|           ram|       pointer|
|m_axi_ram_AWLOCK       |  out|    2|       m_axi|           ram|       pointer|
|m_axi_ram_AWCACHE      |  out|    4|       m_axi|           ram|       pointer|
|m_axi_ram_AWPROT       |  out|    3|       m_axi|           ram|       pointer|
|m_axi_ram_AWQOS        |  out|    4|       m_axi|           ram|       pointer|
|m_axi_ram_AWREGION     |  out|    4|       m_axi|           ram|       pointer|
|m_axi_ram_AWUSER       |  out|    1|       m_axi|           ram|       pointer|
|m_axi_ram_WVALID       |  out|    1|       m_axi|           ram|       pointer|
|m_axi_ram_WREADY       |   in|    1|       m_axi|           ram|       pointer|
|m_axi_ram_WDATA        |  out|  512|       m_axi|           ram|       pointer|
|m_axi_ram_WSTRB        |  out|   64|       m_axi|           ram|       pointer|
|m_axi_ram_WLAST        |  out|    1|       m_axi|           ram|       pointer|
|m_axi_ram_WID          |  out|    1|       m_axi|           ram|       pointer|
|m_axi_ram_WUSER        |  out|    1|       m_axi|           ram|       pointer|
|m_axi_ram_ARVALID      |  out|    1|       m_axi|           ram|       pointer|
|m_axi_ram_ARREADY      |   in|    1|       m_axi|           ram|       pointer|
|m_axi_ram_ARADDR       |  out|   64|       m_axi|           ram|       pointer|
|m_axi_ram_ARID         |  out|    1|       m_axi|           ram|       pointer|
|m_axi_ram_ARLEN        |  out|    8|       m_axi|           ram|       pointer|
|m_axi_ram_ARSIZE       |  out|    3|       m_axi|           ram|       pointer|
|m_axi_ram_ARBURST      |  out|    2|       m_axi|           ram|       pointer|
|m_axi_ram_ARLOCK       |  out|    2|       m_axi|           ram|       pointer|
|m_axi_ram_ARCACHE      |  out|    4|       m_axi|           ram|       pointer|
|m_axi_ram_ARPROT       |  out|    3|       m_axi|           ram|       pointer|
|m_axi_ram_ARQOS        |  out|    4|       m_axi|           ram|       pointer|
|m_axi_ram_ARREGION     |  out|    4|       m_axi|           ram|       pointer|
|m_axi_ram_ARUSER       |  out|    1|       m_axi|           ram|       pointer|
|m_axi_ram_RVALID       |   in|    1|       m_axi|           ram|       pointer|
|m_axi_ram_RREADY       |  out|    1|       m_axi|           ram|       pointer|
|m_axi_ram_RDATA        |   in|  512|       m_axi|           ram|       pointer|
|m_axi_ram_RLAST        |   in|    1|       m_axi|           ram|       pointer|
|m_axi_ram_RID          |   in|    1|       m_axi|           ram|       pointer|
|m_axi_ram_RUSER        |   in|    1|       m_axi|           ram|       pointer|
|m_axi_ram_RRESP        |   in|    2|       m_axi|           ram|       pointer|
|m_axi_ram_BVALID       |   in|    1|       m_axi|           ram|       pointer|
|m_axi_ram_BREADY       |  out|    1|       m_axi|           ram|       pointer|
|m_axi_ram_BRESP        |   in|    2|       m_axi|           ram|       pointer|
|m_axi_ram_BID          |   in|    1|       m_axi|           ram|       pointer|
|m_axi_ram_BUSER        |   in|    1|       m_axi|           ram|       pointer|
|audio_out_0_din        |  out|   24|     ap_fifo|   audio_out_0|       pointer|
|audio_out_0_full_n     |   in|    1|     ap_fifo|   audio_out_0|       pointer|
|audio_out_0_write      |  out|    1|     ap_fifo|   audio_out_0|       pointer|
|audio_out_1_din        |  out|   24|     ap_fifo|   audio_out_1|       pointer|
|audio_out_1_full_n     |   in|    1|     ap_fifo|   audio_out_1|       pointer|
|audio_out_1_write      |  out|    1|     ap_fifo|   audio_out_1|       pointer|
|i2s_rst                |   in|    1|     ap_none|       i2s_rst|       pointer|
|bypass                 |   in|    1|     ap_none|        bypass|        scalar|
|mute                   |   in|    1|     ap_none|          mute|        scalar|
|debug                  |   in|    1|     ap_none|         debug|        scalar|
+-----------------------+-----+-----+------------+--------------+--------------+

