

================================================================
== Vitis HLS Report for 'syfala'
================================================================
* Date:           Fri Jul 26 17:18:51 2024

* Version:        2024.1 (Build 5069499 on May 21 2024)
* Project:        syfala_ip
* Solution:       syfala (Vivado IP Flow Target)
* Product family: zynquplus
* Target device:  xczu15eg-ffvb1156-1-e


================================================================
== Performance Estimates
================================================================
+ Timing: 
    * Summary: 
    +--------+---------+----------+------------+
    |  Clock |  Target | Estimated| Uncertainty|
    +--------+---------+----------+------------+
    |ap_clk  |  8.14 ns|  7.186 ns|     2.20 ns|
    +--------+---------+----------+------------+

+ Latency: 
    * Summary: 
    +---------+---------+----------+----------+-----+--------+---------+
    |  Latency (cycles) |  Latency (absolute) |   Interval   | Pipeline|
    |   min   |   max   |    min   |    max   | min |   max  |   Type  |
    +---------+---------+----------+----------+-----+--------+---------+
    |        1|   704937|  8.138 ns|  5.737 ms|    2|  704938|       no|
    +---------+---------+----------+----------+-----+--------+---------+

    + Detail: 
        * Instance: 
        +------------------------------------------------------------+-------------------------------------------------+---------+---------+----------+----------+--------+--------+-----------------------------------------------+
        |                                                            |                                                 |  Latency (cycles) |  Latency (absolute) |     Interval    |                    Pipeline                   |
        |                          Instance                          |                      Module                     |   min   |   max   |    min   |    max   |   min  |   max  |                      Type                     |
        +------------------------------------------------------------+-------------------------------------------------+---------+---------+----------+----------+--------+--------+-----------------------------------------------+
        |grp_syfala_Pipeline_1_fu_309                                |syfala_Pipeline_1                                |      258|      258|  2.100 us|  2.100 us|     257|     257|  loop auto-rewind stp(delay=0 clock cycles(s))|
        |grp_syfala_Pipeline_VITIS_LOOP_49_1_fu_399                  |syfala_Pipeline_VITIS_LOOP_49_1                  |   704102|   704102|  5.730 ms|  5.730 ms|  700007|  700007|  loop auto-rewind stp(delay=0 clock cycles(s))|
        |grp_syfala_Pipeline_VITIS_LOOP_72_3_VITIS_LOOP_73_4_fu_455  |syfala_Pipeline_VITIS_LOOP_72_3_VITIS_LOOP_73_4  |      535|      535|  4.354 us|  4.354 us|     513|     513|  loop auto-rewind stp(delay=0 clock cycles(s))|
        +------------------------------------------------------------+-------------------------------------------------+---------+---------+----------+----------+--------+--------+-----------------------------------------------+

        * Loop: 
        N/A



================================================================
== Utilization Estimates
================================================================
* Summary: 
+-----------------+---------+------+--------+--------+-----+
|       Name      | BRAM_18K|  DSP |   FF   |   LUT  | URAM|
+-----------------+---------+------+--------+--------+-----+
|DSP              |        -|     -|       -|       -|    -|
|Expression       |        -|     -|       0|      43|    -|
|FIFO             |        -|     -|       -|       -|    -|
|Instance         |      393|   558|  105378|   75760|    0|
|Memory           |        0|     -|    2752|     129|    0|
|Multiplexer      |        -|     -|       0|    4071|    -|
|Register         |        -|     -|     113|       -|    -|
+-----------------+---------+------+--------+--------+-----+
|Total            |      393|   558|  108243|   80003|    0|
+-----------------+---------+------+--------+--------+-----+
|Available        |     1488|  3528|  682560|  341280|  112|
+-----------------+---------+------+--------+--------+-----+
|Utilization (%)  |       26|    15|      15|      23|    0|
+-----------------+---------+------+--------+--------+-----+

+ Detail: 
    * Instance: 
    +------------------------------------------------------------+-------------------------------------------------+---------+-----+--------+-------+-----+
    |                          Instance                          |                      Module                     | BRAM_18K| DSP |   FF   |  LUT  | URAM|
    +------------------------------------------------------------+-------------------------------------------------+---------+-----+--------+-------+-----+
    |control_s_axi_U                                             |control_s_axi                                    |        0|    0|     278|    488|    0|
    |fmul_32ns_32ns_32_4_max_dsp_1_U371                          |fmul_32ns_32ns_32_4_max_dsp_1                    |        0|    3|     143|    140|    0|
    |fmul_32ns_32ns_32_4_max_dsp_1_U372                          |fmul_32ns_32ns_32_4_max_dsp_1                    |        0|    3|     143|    140|    0|
    |ram_m_axi_U                                                 |ram_m_axi                                        |       29|    0|    1574|   1642|    0|
    |grp_syfala_Pipeline_1_fu_309                                |syfala_Pipeline_1                                |        0|    0|      39|    145|    0|
    |grp_syfala_Pipeline_VITIS_LOOP_49_1_fu_399                  |syfala_Pipeline_VITIS_LOOP_49_1                  |      364|  551|  102647|  72244|    0|
    |grp_syfala_Pipeline_VITIS_LOOP_72_3_VITIS_LOOP_73_4_fu_455  |syfala_Pipeline_VITIS_LOOP_72_3_VITIS_LOOP_73_4  |        0|    1|     554|    961|    0|
    +------------------------------------------------------------+-------------------------------------------------+---------+-----+--------+-------+-----+
    |Total                                                       |                                                 |      393|  558|  105378|  75760|    0|
    +------------------------------------------------------------+-------------------------------------------------+---------+-----+--------+-------+-----+

    * DSP: 
    N/A

    * Memory: 
    +-------------+----------------------+---------+----+----+-----+------+-----+------+-------------+
    |    Memory   |        Module        | BRAM_18K| FF | LUT| URAM| Words| Bits| Banks| W*Bits*Banks|
    +-------------+----------------------+---------+----+----+-----+------+-----+------+-------------+
    |output_U     |output_RAM_AUTO_1R1W  |        0|  64|   3|    0|     6|   32|     1|          192|
    |output_1_U   |output_RAM_AUTO_1R1W  |        0|  64|   3|    0|     6|   32|     1|          192|
    |output_2_U   |output_RAM_AUTO_1R1W  |        0|  64|   3|    0|     6|   32|     1|          192|
    |output_3_U   |output_RAM_AUTO_1R1W  |        0|  64|   3|    0|     6|   32|     1|          192|
    |output_4_U   |output_RAM_AUTO_1R1W  |        0|  64|   3|    0|     6|   32|     1|          192|
    |output_5_U   |output_RAM_AUTO_1R1W  |        0|  64|   3|    0|     6|   32|     1|          192|
    |output_6_U   |output_RAM_AUTO_1R1W  |        0|  64|   3|    0|     6|   32|     1|          192|
    |output_7_U   |output_RAM_AUTO_1R1W  |        0|  64|   3|    0|     6|   32|     1|          192|
    |output_8_U   |output_RAM_AUTO_1R1W  |        0|  64|   3|    0|     6|   32|     1|          192|
    |output_9_U   |output_RAM_AUTO_1R1W  |        0|  64|   3|    0|     6|   32|     1|          192|
    |output_10_U  |output_RAM_AUTO_1R1W  |        0|  64|   3|    0|     6|   32|     1|          192|
    |output_11_U  |output_RAM_AUTO_1R1W  |        0|  64|   3|    0|     6|   32|     1|          192|
    |output_12_U  |output_RAM_AUTO_1R1W  |        0|  64|   3|    0|     6|   32|     1|          192|
    |output_13_U  |output_RAM_AUTO_1R1W  |        0|  64|   3|    0|     6|   32|     1|          192|
    |output_14_U  |output_RAM_AUTO_1R1W  |        0|  64|   3|    0|     6|   32|     1|          192|
    |output_15_U  |output_RAM_AUTO_1R1W  |        0|  64|   3|    0|     6|   32|     1|          192|
    |output_16_U  |output_RAM_AUTO_1R1W  |        0|  64|   3|    0|     6|   32|     1|          192|
    |output_17_U  |output_RAM_AUTO_1R1W  |        0|  64|   3|    0|     6|   32|     1|          192|
    |output_18_U  |output_RAM_AUTO_1R1W  |        0|  64|   3|    0|     6|   32|     1|          192|
    |output_19_U  |output_RAM_AUTO_1R1W  |        0|  64|   3|    0|     6|   32|     1|          192|
    |output_20_U  |output_RAM_AUTO_1R1W  |        0|  64|   3|    0|     6|   32|     1|          192|
    |output_21_U  |output_RAM_AUTO_1R1W  |        0|  64|   3|    0|     6|   32|     1|          192|
    |output_22_U  |output_RAM_AUTO_1R1W  |        0|  64|   3|    0|     6|   32|     1|          192|
    |output_23_U  |output_RAM_AUTO_1R1W  |        0|  64|   3|    0|     6|   32|     1|          192|
    |output_24_U  |output_RAM_AUTO_1R1W  |        0|  64|   3|    0|     6|   32|     1|          192|
    |output_25_U  |output_RAM_AUTO_1R1W  |        0|  64|   3|    0|     6|   32|     1|          192|
    |output_26_U  |output_RAM_AUTO_1R1W  |        0|  64|   3|    0|     6|   32|     1|          192|
    |output_27_U  |output_RAM_AUTO_1R1W  |        0|  64|   3|    0|     6|   32|     1|          192|
    |output_28_U  |output_RAM_AUTO_1R1W  |        0|  64|   3|    0|     6|   32|     1|          192|
    |output_29_U  |output_RAM_AUTO_1R1W  |        0|  64|   3|    0|     6|   32|     1|          192|
    |output_30_U  |output_RAM_AUTO_1R1W  |        0|  64|   3|    0|     6|   32|     1|          192|
    |output_31_U  |output_RAM_AUTO_1R1W  |        0|  64|   3|    0|     6|   32|     1|          192|
    |output_32_U  |output_RAM_AUTO_1R1W  |        0|  64|   3|    0|     6|   32|     1|          192|
    |output_33_U  |output_RAM_AUTO_1R1W  |        0|  64|   3|    0|     6|   32|     1|          192|
    |output_34_U  |output_RAM_AUTO_1R1W  |        0|  64|   3|    0|     6|   32|     1|          192|
    |output_35_U  |output_RAM_AUTO_1R1W  |        0|  64|   3|    0|     6|   32|     1|          192|
    |output_36_U  |output_RAM_AUTO_1R1W  |        0|  64|   3|    0|     6|   32|     1|          192|
    |output_37_U  |output_RAM_AUTO_1R1W  |        0|  64|   3|    0|     6|   32|     1|          192|
    |output_38_U  |output_RAM_AUTO_1R1W  |        0|  64|   3|    0|     6|   32|     1|          192|
    |output_39_U  |output_RAM_AUTO_1R1W  |        0|  64|   3|    0|     6|   32|     1|          192|
    |output_40_U  |output_RAM_AUTO_1R1W  |        0|  64|   3|    0|     6|   32|     1|          192|
    |output_41_U  |output_RAM_AUTO_1R1W  |        0|  64|   3|    0|     6|   32|     1|          192|
    |output_42_U  |output_RAM_AUTO_1R1W  |        0|  64|   3|    0|     6|   32|     1|          192|
    +-------------+----------------------+---------+----+----+-----+------+-----+------+-------------+
    |Total        |                      |        0|2752| 129|    0|   258| 1376|    43|         8256|
    +-------------+----------------------+---------+----+----+-----+------+-----+------+-------------+

    * FIFO: 
    N/A

    * Expression: 
    +----------------------------------+----------+----+---+----+------------+------------+
    |           Variable Name          | Operation| DSP| FF| LUT| Bitwidth P0| Bitwidth P1|
    +----------------------------------+----------+----+---+----+------------+------------+
    |ap_block_state43_on_subcall_done  |       and|   0|  0|   2|           1|           1|
    |ap_condition_1697                 |       and|   0|  0|   2|           1|           1|
    |icmp_ln35_fu_506_p2               |      icmp|   0|  0|  39|          32|           1|
    +----------------------------------+----------+----+---+----+------------+------------+
    |Total                             |          |   0|  0|  43|          34|           3|
    +----------------------------------+----------+----+---+----+------------+------------+

    * Multiplexer: 
    +---------------------------------------------------------------------------------+-----+-----------+-----+-----------+
    |                                       Name                                      | LUT | Input Size| Bits| Total Bits|
    +---------------------------------------------------------------------------------+-----+-----------+-----+-----------+
    |ap_NS_fsm                                                                        |  202|         44|    1|         44|
    |audio_out_0_write                                                                |    9|          2|    1|          2|
    |audio_out_1_write                                                                |    9|          2|    1|          2|
    |grp_fu_560_ce                                                                    |   14|          3|    1|          3|
    |grp_fu_560_p0                                                                    |   14|          3|   32|         96|
    |grp_fu_560_p1                                                                    |   14|          3|   32|         96|
    |grp_fu_564_ce                                                                    |   14|          3|    1|          3|
    |grp_fu_564_p0                                                                    |   14|          3|   32|         96|
    |grp_fu_564_p1                                                                    |   14|          3|   32|         96|
    |output_10_address0                                                               |   20|          4|    3|         12|
    |output_10_ce0                                                                    |   20|          4|    1|          4|
    |output_10_ce1                                                                    |    9|          2|    1|          2|
    |output_10_d0                                                                     |   14|          3|   32|         96|
    |output_10_we0                                                                    |   14|          3|    1|          3|
    |output_10_we1                                                                    |    9|          2|    1|          2|
    |output_11_address0                                                               |   20|          4|    3|         12|
    |output_11_ce0                                                                    |   20|          4|    1|          4|
    |output_11_ce1                                                                    |    9|          2|    1|          2|
    |output_11_d0                                                                     |   14|          3|   32|         96|
    |output_11_we0                                                                    |   14|          3|    1|          3|
    |output_11_we1                                                                    |    9|          2|    1|          2|
    |output_12_address0                                                               |   20|          4|    3|         12|
    |output_12_ce0                                                                    |   20|          4|    1|          4|
    |output_12_ce1                                                                    |    9|          2|    1|          2|
    |output_12_d0                                                                     |   14|          3|   32|         96|
    |output_12_we0                                                                    |   14|          3|    1|          3|
    |output_12_we1                                                                    |    9|          2|    1|          2|
    |output_13_address0                                                               |   20|          4|    3|         12|
    |output_13_ce0                                                                    |   20|          4|    1|          4|
    |output_13_ce1                                                                    |    9|          2|    1|          2|
    |output_13_d0                                                                     |   14|          3|   32|         96|
    |output_13_we0                                                                    |   14|          3|    1|          3|
    |output_13_we1                                                                    |    9|          2|    1|          2|
    |output_14_address0                                                               |   20|          4|    3|         12|
    |output_14_ce0                                                                    |   20|          4|    1|          4|
    |output_14_ce1                                                                    |    9|          2|    1|          2|
    |output_14_d0                                                                     |   14|          3|   32|         96|
    |output_14_we0                                                                    |   14|          3|    1|          3|
    |output_14_we1                                                                    |    9|          2|    1|          2|
    |output_15_address0                                                               |   20|          4|    3|         12|
    |output_15_ce0                                                                    |   20|          4|    1|          4|
    |output_15_ce1                                                                    |    9|          2|    1|          2|
    |output_15_d0                                                                     |   14|          3|   32|         96|
    |output_15_we0                                                                    |   14|          3|    1|          3|
    |output_15_we1                                                                    |    9|          2|    1|          2|
    |output_16_address0                                                               |   20|          4|    3|         12|
    |output_16_ce0                                                                    |   20|          4|    1|          4|
    |output_16_ce1                                                                    |    9|          2|    1|          2|
    |output_16_d0                                                                     |   14|          3|   32|         96|
    |output_16_we0                                                                    |   14|          3|    1|          3|
    |output_16_we1                                                                    |    9|          2|    1|          2|
    |output_17_address0                                                               |   20|          4|    3|         12|
    |output_17_ce0                                                                    |   20|          4|    1|          4|
    |output_17_ce1                                                                    |    9|          2|    1|          2|
    |output_17_d0                                                                     |   14|          3|   32|         96|
    |output_17_we0                                                                    |   14|          3|    1|          3|
    |output_17_we1                                                                    |    9|          2|    1|          2|
    |output_18_address0                                                               |   20|          4|    3|         12|
    |output_18_ce0                                                                    |   20|          4|    1|          4|
    |output_18_ce1                                                                    |    9|          2|    1|          2|
    |output_18_d0                                                                     |   14|          3|   32|         96|
    |output_18_we0                                                                    |   14|          3|    1|          3|
    |output_18_we1                                                                    |    9|          2|    1|          2|
    |output_19_address0                                                               |   20|          4|    3|         12|
    |output_19_ce0                                                                    |   20|          4|    1|          4|
    |output_19_ce1                                                                    |    9|          2|    1|          2|
    |output_19_d0                                                                     |   14|          3|   32|         96|
    |output_19_we0                                                                    |   14|          3|    1|          3|
    |output_19_we1                                                                    |    9|          2|    1|          2|
    |output_1_address0                                                                |   20|          4|    3|         12|
    |output_1_ce0                                                                     |   20|          4|    1|          4|
    |output_1_ce1                                                                     |    9|          2|    1|          2|
    |output_1_d0                                                                      |   14|          3|   32|         96|
    |output_1_we0                                                                     |   14|          3|    1|          3|
    |output_1_we1                                                                     |    9|          2|    1|          2|
    |output_20_address0                                                               |   20|          4|    3|         12|
    |output_20_ce0                                                                    |   20|          4|    1|          4|
    |output_20_ce1                                                                    |    9|          2|    1|          2|
    |output_20_d0                                                                     |   14|          3|   32|         96|
    |output_20_we0                                                                    |   14|          3|    1|          3|
    |output_20_we1                                                                    |    9|          2|    1|          2|
    |output_21_address0                                                               |   20|          4|    3|         12|
    |output_21_ce0                                                                    |   20|          4|    1|          4|
    |output_21_ce1                                                                    |    9|          2|    1|          2|
    |output_21_d0                                                                     |   14|          3|   32|         96|
    |output_21_we0                                                                    |   14|          3|    1|          3|
    |output_21_we1                                                                    |    9|          2|    1|          2|
    |output_22_address0                                                               |   20|          4|    3|         12|
    |output_22_ce0                                                                    |   20|          4|    1|          4|
    |output_22_ce1                                                                    |    9|          2|    1|          2|
    |output_22_d0                                                                     |   14|          3|   32|         96|
    |output_22_we0                                                                    |   14|          3|    1|          3|
    |output_22_we1                                                                    |    9|          2|    1|          2|
    |output_23_address0                                                               |   20|          4|    3|         12|
    |output_23_ce0                                                                    |   20|          4|    1|          4|
    |output_23_ce1                                                                    |    9|          2|    1|          2|
    |output_23_d0                                                                     |   14|          3|   32|         96|
    |output_23_we0                                                                    |   14|          3|    1|          3|
    |output_23_we1                                                                    |    9|          2|    1|          2|
    |output_24_address0                                                               |   20|          4|    3|         12|
    |output_24_ce0                                                                    |   20|          4|    1|          4|
    |output_24_ce1                                                                    |    9|          2|    1|          2|
    |output_24_d0                                                                     |   14|          3|   32|         96|
    |output_24_we0                                                                    |   14|          3|    1|          3|
    |output_24_we1                                                                    |    9|          2|    1|          2|
    |output_25_address0                                                               |   20|          4|    3|         12|
    |output_25_ce0                                                                    |   20|          4|    1|          4|
    |output_25_ce1                                                                    |    9|          2|    1|          2|
    |output_25_d0                                                                     |   14|          3|   32|         96|
    |output_25_we0                                                                    |   14|          3|    1|          3|
    |output_25_we1                                                                    |    9|          2|    1|          2|
    |output_26_address0                                                               |   20|          4|    3|         12|
    |output_26_ce0                                                                    |   20|          4|    1|          4|
    |output_26_ce1                                                                    |    9|          2|    1|          2|
    |output_26_d0                                                                     |   14|          3|   32|         96|
    |output_26_we0                                                                    |   14|          3|    1|          3|
    |output_26_we1                                                                    |    9|          2|    1|          2|
    |output_27_address0                                                               |   20|          4|    3|         12|
    |output_27_ce0                                                                    |   20|          4|    1|          4|
    |output_27_ce1                                                                    |    9|          2|    1|          2|
    |output_27_d0                                                                     |   14|          3|   32|         96|
    |output_27_we0                                                                    |   14|          3|    1|          3|
    |output_27_we1                                                                    |    9|          2|    1|          2|
    |output_28_address0                                                               |   20|          4|    3|         12|
    |output_28_ce0                                                                    |   20|          4|    1|          4|
    |output_28_ce1                                                                    |    9|          2|    1|          2|
    |output_28_d0                                                                     |   14|          3|   32|         96|
    |output_28_we0                                                                    |   14|          3|    1|          3|
    |output_28_we1                                                                    |    9|          2|    1|          2|
    |output_29_address0                                                               |   20|          4|    3|         12|
    |output_29_ce0                                                                    |   20|          4|    1|          4|
    |output_29_ce1                                                                    |    9|          2|    1|          2|
    |output_29_d0                                                                     |   14|          3|   32|         96|
    |output_29_we0                                                                    |   14|          3|    1|          3|
    |output_29_we1                                                                    |    9|          2|    1|          2|
    |output_2_address0                                                                |   20|          4|    3|         12|
    |output_2_ce0                                                                     |   20|          4|    1|          4|
    |output_2_ce1                                                                     |    9|          2|    1|          2|
    |output_2_d0                                                                      |   14|          3|   32|         96|
    |output_2_we0                                                                     |   14|          3|    1|          3|
    |output_2_we1                                                                     |    9|          2|    1|          2|
    |output_30_address0                                                               |   20|          4|    3|         12|
    |output_30_ce0                                                                    |   20|          4|    1|          4|
    |output_30_ce1                                                                    |    9|          2|    1|          2|
    |output_30_d0                                                                     |   14|          3|   32|         96|
    |output_30_we0                                                                    |   14|          3|    1|          3|
    |output_30_we1                                                                    |    9|          2|    1|          2|
    |output_31_address0                                                               |   20|          4|    3|         12|
    |output_31_ce0                                                                    |   20|          4|    1|          4|
    |output_31_ce1                                                                    |    9|          2|    1|          2|
    |output_31_d0                                                                     |   14|          3|   32|         96|
    |output_31_we0                                                                    |   14|          3|    1|          3|
    |output_31_we1                                                                    |    9|          2|    1|          2|
    |output_32_address0                                                               |   20|          4|    3|         12|
    |output_32_ce0                                                                    |   20|          4|    1|          4|
    |output_32_ce1                                                                    |    9|          2|    1|          2|
    |output_32_d0                                                                     |   14|          3|   32|         96|
    |output_32_we0                                                                    |   14|          3|    1|          3|
    |output_32_we1                                                                    |    9|          2|    1|          2|
    |output_33_address0                                                               |   20|          4|    3|         12|
    |output_33_ce0                                                                    |   20|          4|    1|          4|
    |output_33_ce1                                                                    |    9|          2|    1|          2|
    |output_33_d0                                                                     |   14|          3|   32|         96|
    |output_33_we0                                                                    |   14|          3|    1|          3|
    |output_33_we1                                                                    |    9|          2|    1|          2|
    |output_34_address0                                                               |   20|          4|    3|         12|
    |output_34_ce0                                                                    |   20|          4|    1|          4|
    |output_34_ce1                                                                    |    9|          2|    1|          2|
    |output_34_d0                                                                     |   14|          3|   32|         96|
    |output_34_we0                                                                    |   14|          3|    1|          3|
    |output_34_we1                                                                    |    9|          2|    1|          2|
    |output_35_address0                                                               |   20|          4|    3|         12|
    |output_35_ce0                                                                    |   20|          4|    1|          4|
    |output_35_ce1                                                                    |    9|          2|    1|          2|
    |output_35_d0                                                                     |   14|          3|   32|         96|
    |output_35_we0                                                                    |   14|          3|    1|          3|
    |output_35_we1                                                                    |    9|          2|    1|          2|
    |output_36_address0                                                               |   20|          4|    3|         12|
    |output_36_ce0                                                                    |   20|          4|    1|          4|
    |output_36_ce1                                                                    |    9|          2|    1|          2|
    |output_36_d0                                                                     |   14|          3|   32|         96|
    |output_36_we0                                                                    |   14|          3|    1|          3|
    |output_36_we1                                                                    |    9|          2|    1|          2|
    |output_37_address0                                                               |   20|          4|    3|         12|
    |output_37_ce0                                                                    |   20|          4|    1|          4|
    |output_37_ce1                                                                    |    9|          2|    1|          2|
    |output_37_d0                                                                     |   14|          3|   32|         96|
    |output_37_we0                                                                    |   14|          3|    1|          3|
    |output_37_we1                                                                    |    9|          2|    1|          2|
    |output_38_address0                                                               |   20|          4|    3|         12|
    |output_38_ce0                                                                    |   20|          4|    1|          4|
    |output_38_ce1                                                                    |    9|          2|    1|          2|
    |output_38_d0                                                                     |   14|          3|   32|         96|
    |output_38_we0                                                                    |   14|          3|    1|          3|
    |output_38_we1                                                                    |    9|          2|    1|          2|
    |output_39_address0                                                               |   20|          4|    3|         12|
    |output_39_ce0                                                                    |   20|          4|    1|          4|
    |output_39_ce1                                                                    |    9|          2|    1|          2|
    |output_39_d0                                                                     |   14|          3|   32|         96|
    |output_39_we0                                                                    |   14|          3|    1|          3|
    |output_39_we1                                                                    |    9|          2|    1|          2|
    |output_3_address0                                                                |   20|          4|    3|         12|
    |output_3_ce0                                                                     |   20|          4|    1|          4|
    |output_3_ce1                                                                     |    9|          2|    1|          2|
    |output_3_d0                                                                      |   14|          3|   32|         96|
    |output_3_we0                                                                     |   14|          3|    1|          3|
    |output_3_we1                                                                     |    9|          2|    1|          2|
    |output_40_address0                                                               |   20|          4|    3|         12|
    |output_40_ce0                                                                    |   20|          4|    1|          4|
    |output_40_ce1                                                                    |    9|          2|    1|          2|
    |output_40_d0                                                                     |   14|          3|   32|         96|
    |output_40_we0                                                                    |   14|          3|    1|          3|
    |output_40_we1                                                                    |    9|          2|    1|          2|
    |output_41_address0                                                               |   20|          4|    3|         12|
    |output_41_ce0                                                                    |   20|          4|    1|          4|
    |output_41_ce1                                                                    |    9|          2|    1|          2|
    |output_41_d0                                                                     |   14|          3|   32|         96|
    |output_41_we0                                                                    |   14|          3|    1|          3|
    |output_41_we1                                                                    |    9|          2|    1|          2|
    |output_42_address0                                                               |   20|          4|    3|         12|
    |output_42_ce0                                                                    |   20|          4|    1|          4|
    |output_42_ce1                                                                    |    9|          2|    1|          2|
    |output_42_d0                                                                     |   14|          3|   32|         96|
    |output_42_we0                                                                    |   14|          3|    1|          3|
    |output_42_we1                                                                    |    9|          2|    1|          2|
    |output_4_address0                                                                |   20|          4|    3|         12|
    |output_4_ce0                                                                     |   20|          4|    1|          4|
    |output_4_ce1                                                                     |    9|          2|    1|          2|
    |output_4_d0                                                                      |   14|          3|   32|         96|
    |output_4_we0                                                                     |   14|          3|    1|          3|
    |output_4_we1                                                                     |    9|          2|    1|          2|
    |output_5_address0                                                                |   20|          4|    3|         12|
    |output_5_ce0                                                                     |   20|          4|    1|          4|
    |output_5_ce1                                                                     |    9|          2|    1|          2|
    |output_5_d0                                                                      |   14|          3|   32|         96|
    |output_5_we0                                                                     |   14|          3|    1|          3|
    |output_5_we1                                                                     |    9|          2|    1|          2|
    |output_6_address0                                                                |   20|          4|    3|         12|
    |output_6_ce0                                                                     |   20|          4|    1|          4|
    |output_6_ce1                                                                     |    9|          2|    1|          2|
    |output_6_d0                                                                      |   14|          3|   32|         96|
    |output_6_we0                                                                     |   14|          3|    1|          3|
    |output_6_we1                                                                     |    9|          2|    1|          2|
    |output_7_address0                                                                |   20|          4|    3|         12|
    |output_7_ce0                                                                     |   20|          4|    1|          4|
    |output_7_ce1                                                                     |    9|          2|    1|          2|
    |output_7_d0                                                                      |   14|          3|   32|         96|
    |output_7_we0                                                                     |   14|          3|    1|          3|
    |output_7_we1                                                                     |    9|          2|    1|          2|
    |output_8_address0                                                                |   20|          4|    3|         12|
    |output_8_ce0                                                                     |   20|          4|    1|          4|
    |output_8_ce1                                                                     |    9|          2|    1|          2|
    |output_8_d0                                                                      |   14|          3|   32|         96|
    |output_8_we0                                                                     |   14|          3|    1|          3|
    |output_8_we1                                                                     |    9|          2|    1|          2|
    |output_9_address0                                                                |   20|          4|    3|         12|
    |output_9_ce0                                                                     |   20|          4|    1|          4|
    |output_9_ce1                                                                     |    9|          2|    1|          2|
    |output_9_d0                                                                      |   14|          3|   32|         96|
    |output_9_we0                                                                     |   14|          3|    1|          3|
    |output_9_we1                                                                     |    9|          2|    1|          2|
    |output_address0                                                                  |   20|          4|    3|         12|
    |output_ce0                                                                       |   20|          4|    1|          4|
    |output_ce1                                                                       |    9|          2|    1|          2|
    |output_d0                                                                        |   14|          3|   32|         96|
    |output_we0                                                                       |   14|          3|    1|          3|
    |output_we1                                                                       |    9|          2|    1|          2|
    |ram_ARADDR                                                                       |   14|          3|   64|        192|
    |ram_ARLEN                                                                        |   14|          3|   32|         96|
    |ram_ARVALID                                                                      |   14|          3|    1|          3|
    |ram_RREADY                                                                       |    9|          2|    1|          2|
    |ram_blk_n_AR                                                                     |    9|          2|    1|          2|
    |syfala_ap_int_256_int_bool_float_const_float_int_bool_bool_bool_input_0_reg_295  |    9|          2|    7|         14|
    +---------------------------------------------------------------------------------+-----+-----------+-----+-----------+
    |Total                                                                            | 4071|        855| 1916|       5864|
    +---------------------------------------------------------------------------------+-----+-----------+-----+-----------+

    * Register: 
    +---------------------------------------------------------------------------------+----+----+-----+-----------+
    |                                       Name                                      | FF | LUT| Bits| Const Bits|
    +---------------------------------------------------------------------------------+----+----+-----+-----------+
    |ap_CS_fsm                                                                        |  43|   0|   43|          0|
    |grp_syfala_Pipeline_1_fu_309_ap_start_reg                                        |   1|   0|    1|          0|
    |grp_syfala_Pipeline_VITIS_LOOP_49_1_fu_399_ap_start_reg                          |   1|   0|    1|          0|
    |grp_syfala_Pipeline_VITIS_LOOP_72_3_VITIS_LOOP_73_4_fu_455_ap_start_reg          |   1|   0|    1|          0|
    |icmp_ln35_reg_542                                                                |   1|   0|    1|          0|
    |initialization                                                                   |   1|   0|    1|          0|
    |syfala_ap_int_256_int_bool_float_const_float_int_bool_bool_bool_input_0_reg_295  |   7|   0|   32|         25|
    |trunc_ln_reg_549                                                                 |  58|   0|   58|          0|
    +---------------------------------------------------------------------------------+----+----+-----+-----------+
    |Total                                                                            | 113|   0|  138|         25|
    +---------------------------------------------------------------------------------+----+----+-----+-----------+



================================================================
== Interface
================================================================
* Summary: 
+-----------------------+-----+-----+------------+--------------+--------------+
|       RTL Ports       | Dir | Bits|  Protocol  | Source Object|    C Type    |
+-----------------------+-----+-----+------------+--------------+--------------+
|s_axi_control_AWVALID  |   in|    1|       s_axi|       control|        scalar|
|s_axi_control_AWREADY  |  out|    1|       s_axi|       control|        scalar|
|s_axi_control_AWADDR   |   in|    6|       s_axi|       control|        scalar|
|s_axi_control_WVALID   |   in|    1|       s_axi|       control|        scalar|
|s_axi_control_WREADY   |  out|    1|       s_axi|       control|        scalar|
|s_axi_control_WDATA    |   in|   32|       s_axi|       control|        scalar|
|s_axi_control_WSTRB    |   in|    4|       s_axi|       control|        scalar|
|s_axi_control_ARVALID  |   in|    1|       s_axi|       control|        scalar|
|s_axi_control_ARREADY  |  out|    1|       s_axi|       control|        scalar|
|s_axi_control_ARADDR   |   in|    6|       s_axi|       control|        scalar|
|s_axi_control_RVALID   |  out|    1|       s_axi|       control|        scalar|
|s_axi_control_RREADY   |   in|    1|       s_axi|       control|        scalar|
|s_axi_control_RDATA    |  out|   32|       s_axi|       control|        scalar|
|s_axi_control_RRESP    |  out|    2|       s_axi|       control|        scalar|
|s_axi_control_BVALID   |  out|    1|       s_axi|       control|        scalar|
|s_axi_control_BREADY   |   in|    1|       s_axi|       control|        scalar|
|s_axi_control_BRESP    |  out|    2|       s_axi|       control|        scalar|
|ap_clk                 |   in|    1|  ap_ctrl_hs|        syfala|  return value|
|ap_rst_n               |   in|    1|  ap_ctrl_hs|        syfala|  return value|
|ap_start               |   in|    1|  ap_ctrl_hs|        syfala|  return value|
|ap_done                |  out|    1|  ap_ctrl_hs|        syfala|  return value|
|ap_idle                |  out|    1|  ap_ctrl_hs|        syfala|  return value|
|ap_ready               |  out|    1|  ap_ctrl_hs|        syfala|  return value|
|m_axi_ram_AWVALID      |  out|    1|       m_axi|           ram|       pointer|
|m_axi_ram_AWREADY      |   in|    1|       m_axi|           ram|       pointer|
|m_axi_ram_AWADDR       |  out|   64|       m_axi|           ram|       pointer|
|m_axi_ram_AWID         |  out|    1|       m_axi|           ram|       pointer|
|m_axi_ram_AWLEN        |  out|    8|       m_axi|           ram|       pointer|
|m_axi_ram_AWSIZE       |  out|    3|       m_axi|           ram|       pointer|
|m_axi_ram_AWBURST      |  out|    2|       m_axi|           ram|       pointer|
|m_axi_ram_AWLOCK       |  out|    2|       m_axi|           ram|       pointer|
|m_axi_ram_AWCACHE      |  out|    4|       m_axi|           ram|       pointer|
|m_axi_ram_AWPROT       |  out|    3|       m_axi|           ram|       pointer|
|m_axi_ram_AWQOS        |  out|    4|       m_axi|           ram|       pointer|
|m_axi_ram_AWREGION     |  out|    4|       m_axi|           ram|       pointer|
|m_axi_ram_AWUSER       |  out|    1|       m_axi|           ram|       pointer|
|m_axi_ram_WVALID       |  out|    1|       m_axi|           ram|       pointer|
|m_axi_ram_WREADY       |   in|    1|       m_axi|           ram|       pointer|
|m_axi_ram_WDATA        |  out|  512|       m_axi|           ram|       pointer|
|m_axi_ram_WSTRB        |  out|   64|       m_axi|           ram|       pointer|
|m_axi_ram_WLAST        |  out|    1|       m_axi|           ram|       pointer|
|m_axi_ram_WID          |  out|    1|       m_axi|           ram|       pointer|
|m_axi_ram_WUSER        |  out|    1|       m_axi|           ram|       pointer|
|m_axi_ram_ARVALID      |  out|    1|       m_axi|           ram|       pointer|
|m_axi_ram_ARREADY      |   in|    1|       m_axi|           ram|       pointer|
|m_axi_ram_ARADDR       |  out|   64|       m_axi|           ram|       pointer|
|m_axi_ram_ARID         |  out|    1|       m_axi|           ram|       pointer|
|m_axi_ram_ARLEN        |  out|    8|       m_axi|           ram|       pointer|
|m_axi_ram_ARSIZE       |  out|    3|       m_axi|           ram|       pointer|
|m_axi_ram_ARBURST      |  out|    2|       m_axi|           ram|       pointer|
|m_axi_ram_ARLOCK       |  out|    2|       m_axi|           ram|       pointer|
|m_axi_ram_ARCACHE      |  out|    4|       m_axi|           ram|       pointer|
|m_axi_ram_ARPROT       |  out|    3|       m_axi|           ram|       pointer|
|m_axi_ram_ARQOS        |  out|    4|       m_axi|           ram|       pointer|
|m_axi_ram_ARREGION     |  out|    4|       m_axi|           ram|       pointer|
|m_axi_ram_ARUSER       |  out|    1|       m_axi|           ram|       pointer|
|m_axi_ram_RVALID       |   in|    1|       m_axi|           ram|       pointer|
|m_axi_ram_RREADY       |  out|    1|       m_axi|           ram|       pointer|
|m_axi_ram_RDATA        |   in|  512|       m_axi|           ram|       pointer|
|m_axi_ram_RLAST        |   in|    1|       m_axi|           ram|       pointer|
|m_axi_ram_RID          |   in|    1|       m_axi|           ram|       pointer|
|m_axi_ram_RUSER        |   in|    1|       m_axi|           ram|       pointer|
|m_axi_ram_RRESP        |   in|    2|       m_axi|           ram|       pointer|
|m_axi_ram_BVALID       |   in|    1|       m_axi|           ram|       pointer|
|m_axi_ram_BREADY       |  out|    1|       m_axi|           ram|       pointer|
|m_axi_ram_BRESP        |   in|    2|       m_axi|           ram|       pointer|
|m_axi_ram_BID          |   in|    1|       m_axi|           ram|       pointer|
|m_axi_ram_BUSER        |   in|    1|       m_axi|           ram|       pointer|
|audio_out_0_din        |  out|   24|     ap_fifo|   audio_out_0|       pointer|
|audio_out_0_full_n     |   in|    1|     ap_fifo|   audio_out_0|       pointer|
|audio_out_0_write      |  out|    1|     ap_fifo|   audio_out_0|       pointer|
|audio_out_1_din        |  out|   24|     ap_fifo|   audio_out_1|       pointer|
|audio_out_1_full_n     |   in|    1|     ap_fifo|   audio_out_1|       pointer|
|audio_out_1_write      |  out|    1|     ap_fifo|   audio_out_1|       pointer|
|i2s_rst                |   in|    1|     ap_none|       i2s_rst|       pointer|
|bypass                 |   in|    1|     ap_none|        bypass|        scalar|
|mute                   |   in|    1|     ap_none|          mute|        scalar|
|debug                  |   in|    1|     ap_none|         debug|        scalar|
+-----------------------+-----+-----+------------+--------------+--------------+

