

================================================================
== Vitis HLS Report for 'syfala'
================================================================
* Date:           Wed May  3 09:32:13 2023

* Version:        2022.2 (Build 3670227 on Oct 13 2022)
* Project:        syfala_ip
* Solution:       syfala (Vivado IP Flow Target)
* Product family: zynq
* Target device:  xc7z010-clg400-1


================================================================
== Performance Estimates
================================================================
+ Timing: 
    * Summary: 
    +--------+---------+-----------+------------+
    |  Clock |  Target | Estimated | Uncertainty|
    +--------+---------+-----------+------------+
    |ap_clk  |  8.14 ns|  11.096 ns|     2.20 ns|
    +--------+---------+-----------+------------+

+ Latency: 
    * Summary: 
    +---------+---------+-----------+-----------+-----+------+---------+
    |  Latency (cycles) |   Latency (absolute)  |  Interval  | Pipeline|
    |   min   |   max   |    min    |    max    | min |  max |   Type  |
    +---------+---------+-----------+-----------+-----+------+---------+
    |        1|     1458|  11.096 ns|  16.178 us|    2|  1459|       no|
    +---------+---------+-----------+-----------+-----+------+---------+

    + Detail: 
        * Instance: 
        +---------------------+----------+---------+---------+-----------+-----------+-----+-----+---------+
        |                     |          |  Latency (cycles) |   Latency (absolute)  |  Interval | Pipeline|
        |       Instance      |  Module  |   min   |   max   |    min    |    max    | min | max |   Type  |
        +---------------------+----------+---------+---------+-----------+-----------+-----+-----+---------+
        |grp_iowritef_fu_492  |iowritef  |        8|        8|  65.104 ns|  65.104 ns|    4|    4|      yes|
        |grp_iowritef_fu_500  |iowritef  |        8|        8|  65.104 ns|  65.104 ns|    4|    4|      yes|
        +---------------------+----------+---------+---------+-----------+-----------+-----+-----+---------+

        * Loop: 
        N/A



================================================================
== Utilization Estimates
================================================================
* Summary: 
+-----------------+---------+----+-------+-------+-----+
|       Name      | BRAM_18K| DSP|   FF  |  LUT  | URAM|
+-----------------+---------+----+-------+-------+-----+
|DSP              |        -|   -|      -|      -|    -|
|Expression       |        -|   -|      0|   2016|    -|
|FIFO             |        -|   -|      -|      -|    -|
|Instance         |        0|  46|   4640|   8203|    -|
|Memory           |        -|   -|      -|      -|    -|
|Multiplexer      |        -|   -|      -|  12990|    -|
|Register         |        -|   -|  18489|      -|    -|
+-----------------+---------+----+-------+-------+-----+
|Total            |        0|  46|  23129|  23209|    0|
+-----------------+---------+----+-------+-------+-----+
|Available        |      120|  80|  35200|  17600|    0|
+-----------------+---------+----+-------+-------+-----+
|Utilization (%)  |        0|  57|     65|    131|    0|
+-----------------+---------+----+-------+-------+-----+

+ Detail: 
    * Instance: 
    +------------------------------------+--------------------------------+---------+----+-----+-----+-----+
    |              Instance              |             Module             | BRAM_18K| DSP|  FF | LUT | URAM|
    +------------------------------------+--------------------------------+---------+----+-----+-----+-----+
    |control_s_axi_U                     |control_s_axi                   |        0|   0|  480|  637|    0|
    |fadd_32ns_32ns_32_8_full_dsp_1_U5   |fadd_32ns_32ns_32_8_full_dsp_1  |        0|   2|  296|  438|    0|
    |fadd_32ns_32ns_32_8_full_dsp_1_U6   |fadd_32ns_32ns_32_8_full_dsp_1  |        0|   2|  296|  438|    0|
    |fadd_32ns_32ns_32_8_full_dsp_1_U7   |fadd_32ns_32ns_32_8_full_dsp_1  |        0|   2|  296|  438|    0|
    |fadd_32ns_32ns_32_8_full_dsp_1_U8   |fadd_32ns_32ns_32_8_full_dsp_1  |        0|   2|  296|  438|    0|
    |fadd_32ns_32ns_32_8_full_dsp_1_U9   |fadd_32ns_32ns_32_8_full_dsp_1  |        0|   2|  296|  438|    0|
    |fadd_32ns_32ns_32_8_full_dsp_1_U10  |fadd_32ns_32ns_32_8_full_dsp_1  |        0|   2|  296|  438|    0|
    |fadd_32ns_32ns_32_8_full_dsp_1_U11  |fadd_32ns_32ns_32_8_full_dsp_1  |        0|   2|  296|  438|    0|
    |fadd_32ns_32ns_32_8_full_dsp_1_U12  |fadd_32ns_32ns_32_8_full_dsp_1  |        0|   2|  296|  438|    0|
    |fcmp_32ns_32ns_1_2_no_dsp_1_U21     |fcmp_32ns_32ns_1_2_no_dsp_1     |        0|   0|    0|    0|    0|
    |fmul_32ns_32ns_32_4_max_dsp_1_U13   |fmul_32ns_32ns_32_4_max_dsp_1   |        0|   3|  143|  321|    0|
    |fmul_32ns_32ns_32_4_max_dsp_1_U14   |fmul_32ns_32ns_32_4_max_dsp_1   |        0|   3|  143|  321|    0|
    |fmul_32ns_32ns_32_4_max_dsp_1_U15   |fmul_32ns_32ns_32_4_max_dsp_1   |        0|   3|  143|  321|    0|
    |fmul_32ns_32ns_32_4_max_dsp_1_U16   |fmul_32ns_32ns_32_4_max_dsp_1   |        0|   3|  143|  321|    0|
    |fmul_32ns_32ns_32_4_max_dsp_1_U17   |fmul_32ns_32ns_32_4_max_dsp_1   |        0|   3|  143|  321|    0|
    |fmul_32ns_32ns_32_4_max_dsp_1_U18   |fmul_32ns_32ns_32_4_max_dsp_1   |        0|   3|  143|  321|    0|
    |fmul_32ns_32ns_32_4_max_dsp_1_U19   |fmul_32ns_32ns_32_4_max_dsp_1   |        0|   3|  143|  321|    0|
    |fmul_32ns_32ns_32_4_max_dsp_1_U20   |fmul_32ns_32ns_32_4_max_dsp_1   |        0|   3|  143|  321|    0|
    |grp_iowritef_fu_492                 |iowritef                        |        0|   3|  324|  747|    0|
    |grp_iowritef_fu_500                 |iowritef                        |        0|   3|  324|  747|    0|
    +------------------------------------+--------------------------------+---------+----+-----+-----+-----+
    |Total                               |                                |        0|  46| 4640| 8203|    0|
    +------------------------------------+--------------------------------+---------+----+-----+-----+-----+

    * DSP: 
    N/A

    * Memory: 
    N/A

    * FIFO: 
    N/A

    * Expression: 
    +-------------------------------------+----------+----+---+----+------------+------------+
    |            Variable Name            | Operation| DSP| FF| LUT| Bitwidth P0| Bitwidth P1|
    +-------------------------------------+----------+----+---+----+------------+------------+
    |and_ln153_10_fu_2836_p2              |       and|   0|  0|   2|           1|           1|
    |and_ln153_11_fu_2885_p2              |       and|   0|  0|   2|           1|           1|
    |and_ln153_12_fu_2934_p2              |       and|   0|  0|   2|           1|           1|
    |and_ln153_13_fu_2983_p2              |       and|   0|  0|   2|           1|           1|
    |and_ln153_14_fu_3032_p2              |       and|   0|  0|   2|           1|           1|
    |and_ln153_15_fu_3096_p2              |       and|   0|  0|   2|           1|           1|
    |and_ln153_16_fu_3155_p2              |       and|   0|  0|   2|           1|           1|
    |and_ln153_17_fu_3214_p2              |       and|   0|  0|   2|           1|           1|
    |and_ln153_18_fu_3273_p2              |       and|   0|  0|   2|           1|           1|
    |and_ln153_19_fu_3332_p2              |       and|   0|  0|   2|           1|           1|
    |and_ln153_1_fu_2395_p2               |       and|   0|  0|   2|           1|           1|
    |and_ln153_20_fu_3401_p2              |       and|   0|  0|   2|           1|           1|
    |and_ln153_21_fu_3476_p2              |       and|   0|  0|   2|           1|           1|
    |and_ln153_22_fu_3551_p2              |       and|   0|  0|   2|           1|           1|
    |and_ln153_23_fu_3631_p2              |       and|   0|  0|   2|           1|           1|
    |and_ln153_24_fu_3711_p2              |       and|   0|  0|   2|           1|           1|
    |and_ln153_25_fu_3785_p2              |       and|   0|  0|   2|           1|           1|
    |and_ln153_26_fu_3844_p2              |       and|   0|  0|   2|           1|           1|
    |and_ln153_27_fu_3913_p2              |       and|   0|  0|   2|           1|           1|
    |and_ln153_28_fu_3988_p2              |       and|   0|  0|   2|           1|           1|
    |and_ln153_29_fu_4063_p2              |       and|   0|  0|   2|           1|           1|
    |and_ln153_2_fu_2444_p2               |       and|   0|  0|   2|           1|           1|
    |and_ln153_30_fu_4127_p2              |       and|   0|  0|   2|           1|           1|
    |and_ln153_31_fu_4211_p2              |       and|   0|  0|   2|           1|           1|
    |and_ln153_3_fu_2493_p2               |       and|   0|  0|   2|           1|           1|
    |and_ln153_4_fu_2542_p2               |       and|   0|  0|   2|           1|           1|
    |and_ln153_5_fu_2591_p2               |       and|   0|  0|   2|           1|           1|
    |and_ln153_6_fu_2640_p2               |       and|   0|  0|   2|           1|           1|
    |and_ln153_7_fu_2689_p2               |       and|   0|  0|   2|           1|           1|
    |and_ln153_8_fu_2738_p2               |       and|   0|  0|   2|           1|           1|
    |and_ln153_9_fu_2787_p2               |       and|   0|  0|   2|           1|           1|
    |and_ln153_fu_2346_p2                 |       and|   0|  0|   2|           1|           1|
    |ap_block_state1459_ignore_call7596   |       and|   0|  0|   2|           1|           1|
    |ap_block_state1459_ignore_call7597   |       and|   0|  0|   2|           1|           1|
    |ap_predicate_op45735_call_state1459  |       and|   0|  0|   2|           1|           1|
    |icmp_ln153_10_fu_2573_p2             |      icmp|   0|  0|  11|           8|           2|
    |icmp_ln153_11_fu_2579_p2             |      icmp|   0|  0|  15|          23|           1|
    |icmp_ln153_12_fu_2622_p2             |      icmp|   0|  0|  11|           8|           2|
    |icmp_ln153_13_fu_2628_p2             |      icmp|   0|  0|  15|          23|           1|
    |icmp_ln153_14_fu_2671_p2             |      icmp|   0|  0|  11|           8|           2|
    |icmp_ln153_15_fu_2677_p2             |      icmp|   0|  0|  15|          23|           1|
    |icmp_ln153_16_fu_2720_p2             |      icmp|   0|  0|  11|           8|           2|
    |icmp_ln153_17_fu_2726_p2             |      icmp|   0|  0|  15|          23|           1|
    |icmp_ln153_18_fu_2769_p2             |      icmp|   0|  0|  11|           8|           2|
    |icmp_ln153_19_fu_2775_p2             |      icmp|   0|  0|  15|          23|           1|
    |icmp_ln153_1_fu_2334_p2              |      icmp|   0|  0|  15|          23|           1|
    |icmp_ln153_20_fu_2818_p2             |      icmp|   0|  0|  11|           8|           2|
    |icmp_ln153_21_fu_2824_p2             |      icmp|   0|  0|  15|          23|           1|
    |icmp_ln153_22_fu_2867_p2             |      icmp|   0|  0|  11|           8|           2|
    |icmp_ln153_23_fu_2873_p2             |      icmp|   0|  0|  15|          23|           1|
    |icmp_ln153_24_fu_2916_p2             |      icmp|   0|  0|  11|           8|           2|
    |icmp_ln153_25_fu_2922_p2             |      icmp|   0|  0|  15|          23|           1|
    |icmp_ln153_26_fu_2965_p2             |      icmp|   0|  0|  11|           8|           2|
    |icmp_ln153_27_fu_2971_p2             |      icmp|   0|  0|  15|          23|           1|
    |icmp_ln153_28_fu_3014_p2             |      icmp|   0|  0|  11|           8|           2|
    |icmp_ln153_29_fu_3020_p2             |      icmp|   0|  0|  15|          23|           1|
    |icmp_ln153_2_fu_2377_p2              |      icmp|   0|  0|  11|           8|           2|
    |icmp_ln153_30_fu_3078_p2             |      icmp|   0|  0|  11|           8|           2|
    |icmp_ln153_31_fu_3084_p2             |      icmp|   0|  0|  15|          23|           1|
    |icmp_ln153_32_fu_3137_p2             |      icmp|   0|  0|  11|           8|           2|
    |icmp_ln153_33_fu_3143_p2             |      icmp|   0|  0|  15|          23|           1|
    |icmp_ln153_34_fu_3196_p2             |      icmp|   0|  0|  11|           8|           2|
    |icmp_ln153_35_fu_3202_p2             |      icmp|   0|  0|  15|          23|           1|
    |icmp_ln153_36_fu_3255_p2             |      icmp|   0|  0|  11|           8|           2|
    |icmp_ln153_37_fu_3261_p2             |      icmp|   0|  0|  15|          23|           1|
    |icmp_ln153_38_fu_3314_p2             |      icmp|   0|  0|  11|           8|           2|
    |icmp_ln153_39_fu_3320_p2             |      icmp|   0|  0|  15|          23|           1|
    |icmp_ln153_3_fu_2383_p2              |      icmp|   0|  0|  15|          23|           1|
    |icmp_ln153_40_fu_3383_p2             |      icmp|   0|  0|  11|           8|           2|
    |icmp_ln153_41_fu_3389_p2             |      icmp|   0|  0|  15|          23|           1|
    |icmp_ln153_42_fu_3458_p2             |      icmp|   0|  0|  11|           8|           2|
    |icmp_ln153_43_fu_3464_p2             |      icmp|   0|  0|  15|          23|           1|
    |icmp_ln153_44_fu_3533_p2             |      icmp|   0|  0|  11|           8|           2|
    |icmp_ln153_45_fu_3539_p2             |      icmp|   0|  0|  15|          23|           1|
    |icmp_ln153_46_fu_3613_p2             |      icmp|   0|  0|  11|           8|           2|
    |icmp_ln153_47_fu_3619_p2             |      icmp|   0|  0|  15|          23|           1|
    |icmp_ln153_48_fu_3693_p2             |      icmp|   0|  0|  11|           8|           2|
    |icmp_ln153_49_fu_3699_p2             |      icmp|   0|  0|  15|          23|           1|
    |icmp_ln153_4_fu_2426_p2              |      icmp|   0|  0|  11|           8|           2|
    |icmp_ln153_50_fu_3767_p2             |      icmp|   0|  0|  11|           8|           2|
    |icmp_ln153_51_fu_3773_p2             |      icmp|   0|  0|  15|          23|           1|
    |icmp_ln153_52_fu_3826_p2             |      icmp|   0|  0|  11|           8|           2|
    |icmp_ln153_53_fu_3832_p2             |      icmp|   0|  0|  15|          23|           1|
    |icmp_ln153_54_fu_3895_p2             |      icmp|   0|  0|  11|           8|           2|
    |icmp_ln153_55_fu_3901_p2             |      icmp|   0|  0|  15|          23|           1|
    |icmp_ln153_56_fu_3970_p2             |      icmp|   0|  0|  11|           8|           2|
    |icmp_ln153_57_fu_3976_p2             |      icmp|   0|  0|  15|          23|           1|
    |icmp_ln153_58_fu_4045_p2             |      icmp|   0|  0|  11|           8|           2|
    |icmp_ln153_59_fu_4051_p2             |      icmp|   0|  0|  15|          23|           1|
    |icmp_ln153_5_fu_2432_p2              |      icmp|   0|  0|  15|          23|           1|
    |icmp_ln153_60_fu_4109_p2             |      icmp|   0|  0|  11|           8|           2|
    |icmp_ln153_61_fu_4115_p2             |      icmp|   0|  0|  15|          23|           1|
    |icmp_ln153_62_fu_4193_p2             |      icmp|   0|  0|  11|           8|           2|
    |icmp_ln153_63_fu_4199_p2             |      icmp|   0|  0|  15|          23|           1|
    |icmp_ln153_6_fu_2475_p2              |      icmp|   0|  0|  11|           8|           2|
    |icmp_ln153_7_fu_2481_p2              |      icmp|   0|  0|  15|          23|           1|
    |icmp_ln153_8_fu_2524_p2              |      icmp|   0|  0|  11|           8|           2|
    |icmp_ln153_9_fu_2530_p2              |      icmp|   0|  0|  15|          23|           1|
    |icmp_ln153_fu_2328_p2                |      icmp|   0|  0|  11|           8|           2|
    |icmp_ln188_fu_2283_p2                |      icmp|   0|  0|  18|          32|           1|
    |ap_block_state1189                   |        or|   0|  0|   2|           1|           1|
    |ap_block_state1459                   |        or|   0|  0|   2|           1|           1|
    |ap_block_state1460                   |        or|   0|  0|   2|           1|           1|
    |or_ln153_10_fu_2830_p2               |        or|   0|  0|   2|           1|           1|
    |or_ln153_11_fu_2879_p2               |        or|   0|  0|   2|           1|           1|
    |or_ln153_12_fu_2928_p2               |        or|   0|  0|   2|           1|           1|
    |or_ln153_13_fu_2977_p2               |        or|   0|  0|   2|           1|           1|
    |or_ln153_14_fu_3026_p2               |        or|   0|  0|   2|           1|           1|
    |or_ln153_15_fu_3090_p2               |        or|   0|  0|   2|           1|           1|
    |or_ln153_16_fu_3149_p2               |        or|   0|  0|   2|           1|           1|
    |or_ln153_17_fu_3208_p2               |        or|   0|  0|   2|           1|           1|
    |or_ln153_18_fu_3267_p2               |        or|   0|  0|   2|           1|           1|
    |or_ln153_19_fu_3326_p2               |        or|   0|  0|   2|           1|           1|
    |or_ln153_1_fu_2389_p2                |        or|   0|  0|   2|           1|           1|
    |or_ln153_20_fu_3395_p2               |        or|   0|  0|   2|           1|           1|
    |or_ln153_21_fu_3470_p2               |        or|   0|  0|   2|           1|           1|
    |or_ln153_22_fu_3545_p2               |        or|   0|  0|   2|           1|           1|
    |or_ln153_23_fu_3625_p2               |        or|   0|  0|   2|           1|           1|
    |or_ln153_24_fu_3705_p2               |        or|   0|  0|   2|           1|           1|
    |or_ln153_25_fu_3779_p2               |        or|   0|  0|   2|           1|           1|
    |or_ln153_26_fu_3838_p2               |        or|   0|  0|   2|           1|           1|
    |or_ln153_27_fu_3907_p2               |        or|   0|  0|   2|           1|           1|
    |or_ln153_28_fu_3982_p2               |        or|   0|  0|   2|           1|           1|
    |or_ln153_29_fu_4057_p2               |        or|   0|  0|   2|           1|           1|
    |or_ln153_2_fu_2438_p2                |        or|   0|  0|   2|           1|           1|
    |or_ln153_30_fu_4121_p2               |        or|   0|  0|   2|           1|           1|
    |or_ln153_31_fu_4205_p2               |        or|   0|  0|   2|           1|           1|
    |or_ln153_3_fu_2487_p2                |        or|   0|  0|   2|           1|           1|
    |or_ln153_4_fu_2536_p2                |        or|   0|  0|   2|           1|           1|
    |or_ln153_5_fu_2585_p2                |        or|   0|  0|   2|           1|           1|
    |or_ln153_6_fu_2634_p2                |        or|   0|  0|   2|           1|           1|
    |or_ln153_7_fu_2683_p2                |        or|   0|  0|   2|           1|           1|
    |or_ln153_8_fu_2732_p2                |        or|   0|  0|   2|           1|           1|
    |or_ln153_9_fu_2781_p2                |        or|   0|  0|   2|           1|           1|
    |or_ln153_fu_2340_p2                  |        or|   0|  0|   2|           1|           1|
    |or_ln197_fu_2293_p2                  |        or|   0|  0|   2|           1|           1|
    |select_ln153_10_fu_2841_p3           |    select|   0|  0|  32|           1|          32|
    |select_ln153_11_fu_2890_p3           |    select|   0|  0|  32|           1|          32|
    |select_ln153_12_fu_2939_p3           |    select|   0|  0|  32|           1|          32|
    |select_ln153_13_fu_2988_p3           |    select|   0|  0|  32|           1|          32|
    |select_ln153_14_fu_3037_p3           |    select|   0|  0|  32|           1|          32|
    |select_ln153_15_fu_3101_p3           |    select|   0|  0|  32|           1|          32|
    |select_ln153_16_fu_3160_p3           |    select|   0|  0|  32|           1|          32|
    |select_ln153_17_fu_3219_p3           |    select|   0|  0|  32|           1|          32|
    |select_ln153_18_fu_3278_p3           |    select|   0|  0|  32|           1|          32|
    |select_ln153_19_fu_3337_p3           |    select|   0|  0|  32|           1|          32|
    |select_ln153_1_fu_2400_p3            |    select|   0|  0|  32|           1|          32|
    |select_ln153_20_fu_3406_p3           |    select|   0|  0|  32|           1|          32|
    |select_ln153_21_fu_3481_p3           |    select|   0|  0|  32|           1|          32|
    |select_ln153_22_fu_3556_p3           |    select|   0|  0|  32|           1|          32|
    |select_ln153_23_fu_3636_p3           |    select|   0|  0|  32|           1|          32|
    |select_ln153_24_fu_3716_p3           |    select|   0|  0|  32|           1|          32|
    |select_ln153_25_fu_3790_p3           |    select|   0|  0|  32|           1|          32|
    |select_ln153_26_fu_3849_p3           |    select|   0|  0|  32|           1|          32|
    |select_ln153_27_fu_3918_p3           |    select|   0|  0|  32|           1|          32|
    |select_ln153_28_fu_3993_p3           |    select|   0|  0|  32|           1|          32|
    |select_ln153_29_fu_4068_p3           |    select|   0|  0|  32|           1|          32|
    |select_ln153_2_fu_2449_p3            |    select|   0|  0|  32|           1|          32|
    |select_ln153_30_fu_4132_p3           |    select|   0|  0|  32|           1|          32|
    |select_ln153_31_fu_4216_p3           |    select|   0|  0|  32|           1|          32|
    |select_ln153_3_fu_2498_p3            |    select|   0|  0|  32|           1|          32|
    |select_ln153_4_fu_2547_p3            |    select|   0|  0|  32|           1|          32|
    |select_ln153_5_fu_2596_p3            |    select|   0|  0|  32|           1|          32|
    |select_ln153_6_fu_2645_p3            |    select|   0|  0|  32|           1|          32|
    |select_ln153_7_fu_2694_p3            |    select|   0|  0|  32|           1|          32|
    |select_ln153_8_fu_2743_p3            |    select|   0|  0|  32|           1|          32|
    |select_ln153_9_fu_2792_p3            |    select|   0|  0|  32|           1|          32|
    |select_ln153_fu_2351_p3              |    select|   0|  0|  32|           1|          32|
    +-------------------------------------+----------+----+---+----+------------+------------+
    |Total                                |          |   0|  0|2016|        1127|        1192|
    +-------------------------------------+----------+----+---+----+------------+------------+

    * Multiplexer: 
    +----------------------------------------+------+-----------+-----+-----------+
    |                  Name                  |  LUT | Input Size| Bits| Total Bits|
    +----------------------------------------+------+-----------+-----+-----------+
    |ap_NS_fsm                               |  2693|       1524|    1|       1524|
    |audio_out_0_blk_n                       |    14|          3|    1|          3|
    |audio_out_0_din                         |     9|          2|   24|         48|
    |audio_out_0_write                       |    14|          3|    1|          3|
    |audio_out_1_blk_n                       |    20|          4|    1|          4|
    |audio_out_1_din                         |    14|          3|   24|         72|
    |audio_out_1_write                       |    20|          4|    1|          4|
    |grp_fu_507_p0                           |   197|         45|   32|       1440|
    |grp_fu_507_p1                           |   708|        133|   32|       4256|
    |grp_fu_514_p0                           |   142|         32|   32|       1024|
    |grp_fu_514_p1                           |   701|        132|   32|       4224|
    |grp_fu_521_p0                           |   113|         23|   32|        736|
    |grp_fu_521_p1                           |   573|        114|   32|       3648|
    |grp_fu_527_p0                           |    81|         17|   32|        544|
    |grp_fu_527_p1                           |   385|         78|   32|       2496|
    |grp_fu_531_p0                           |    53|         10|   32|        320|
    |grp_fu_531_p1                           |   217|         50|   32|       1600|
    |grp_fu_536_p0                           |    37|          7|   32|        224|
    |grp_fu_536_p1                           |   209|         48|   32|       1536|
    |grp_fu_540_p0                           |    31|          6|   32|        192|
    |grp_fu_540_p1                           |   151|         34|   32|       1088|
    |grp_fu_548_p0                           |    20|          4|   32|        128|
    |grp_fu_548_p1                           |    37|          7|   32|        224|
    |grp_fu_560_p0                           |  1187|        223|   32|       7136|
    |grp_fu_560_p1                           |   241|         56|   32|       1792|
    |grp_fu_570_p0                           |   737|        138|   32|       4416|
    |grp_fu_570_p1                           |   241|         56|   32|       1792|
    |grp_fu_579_p0                           |   737|        138|   32|       4416|
    |grp_fu_579_p1                           |   241|         56|   32|       1792|
    |grp_fu_587_p0                           |   727|        136|   32|       4352|
    |grp_fu_587_p1                           |   241|         56|   32|       1792|
    |grp_fu_595_p0                           |   513|        103|   32|       3296|
    |grp_fu_595_p1                           |   229|         53|   32|       1696|
    |grp_fu_600_p0                           |   522|        105|   32|       3360|
    |grp_fu_600_p1                           |   241|         56|   32|       1792|
    |grp_fu_627_p0                           |   241|         56|   32|       1792|
    |grp_fu_627_p1                           |   209|         48|   32|       1536|
    |grp_fu_961_p0                           |    20|          4|   32|        128|
    |grp_fu_961_p1                           |    20|          4|   32|        128|
    |grp_fu_969_p0                           |    65|         15|   32|        480|
    |grp_iowritef_fu_492_audio_out_0_full_n  |     9|          2|    1|          2|
    |grp_iowritef_fu_492_f                   |    65|         16|   32|        512|
    |grp_iowritef_fu_500_f                   |    65|         16|   32|        512|
    +----------------------------------------+------+-----------+-----+-----------+
    |Total                                   | 12990|       3620| 1174|      68060|
    +----------------------------------------+------+-----------+-----+-----------+

    * Register: 
    +----------------------------------+------+----+------+-----------+
    |               Name               |  FF  | LUT| Bits | Const Bits|
    +----------------------------------+------+----+------+-----------+
    |ap_CS_fsm                         |  1523|   0|  1523|          0|
    |grp_iowritef_fu_492_ap_start_reg  |     1|   0|     1|          0|
    |grp_iowritef_fu_500_ap_start_reg  |     1|   0|     1|          0|
    |icmp_ln188_reg_5024               |     1|   0|     1|          0|
    |initialization                    |     1|   0|     1|          0|
    |initialization_load_reg_5028      |     1|   0|     1|          0|
    |mul_i_10_47_reg_6519              |    32|   0|    32|          0|
    |mul_i_10_52_reg_6737              |    32|   0|    32|          0|
    |mul_i_11_44_reg_6449              |    32|   0|    32|          0|
    |mul_i_11_46_reg_6524              |    32|   0|    32|          0|
    |mul_i_11_47_reg_6568              |    32|   0|    32|          0|
    |mul_i_11_48_reg_6603              |    32|   0|    32|          0|
    |mul_i_11_50_reg_6691              |    32|   0|    32|          0|
    |mul_i_11_51_reg_6742              |    32|   0|    32|          0|
    |mul_i_11_52_reg_6793              |    32|   0|    32|          0|
    |mul_i_12_47_reg_6620              |    32|   0|    32|          0|
    |mul_i_12_48_reg_6658              |    32|   0|    32|          0|
    |mul_i_12_49_reg_6708              |    32|   0|    32|          0|
    |mul_i_13_47_reg_6663              |    32|   0|    32|          0|
    |mul_i_13_48_reg_6714              |    32|   0|    32|          0|
    |mul_i_13_49_reg_6759              |    32|   0|    32|          0|
    |mul_i_14_47_reg_6541              |    32|   0|    32|          0|
    |mul_i_14_48_reg_6585              |    32|   0|    32|          0|
    |mul_i_15_46_reg_6546              |    32|   0|    32|          0|
    |mul_i_15_47_reg_6591              |    32|   0|    32|          0|
    |mul_i_15_48_reg_6631              |    32|   0|    32|          0|
    |mul_i_16_51_reg_6625              |    32|   0|    32|          0|
    |mul_i_17_48_reg_6552              |    32|   0|    32|          0|
    |mul_i_19_48_reg_6484              |    32|   0|    32|          0|
    |mul_i_1_50_reg_6134               |    32|   0|    32|          0|
    |mul_i_21_49_reg_6720              |    32|   0|    32|          0|
    |mul_i_21_50_reg_6765              |    32|   0|    32|          0|
    |mul_i_22_50_reg_6798              |    32|   0|    32|          0|
    |mul_i_28_53_reg_6936              |    32|   0|    32|          0|
    |mul_i_2_49_reg_6170               |    32|   0|    32|          0|
    |mul_i_2_50_reg_6212               |    32|   0|    32|          0|
    |mul_i_3_44_reg_6053               |    32|   0|    32|          0|
    |mul_i_3_45_reg_6074               |    32|   0|    32|          0|
    |mul_i_3_46_reg_6104               |    32|   0|    32|          0|
    |mul_i_3_48_reg_6176               |    32|   0|    32|          0|
    |mul_i_3_49_reg_6218               |    32|   0|    32|          0|
    |mul_i_3_50_reg_6248               |    32|   0|    32|          0|
    |mul_i_3_51_reg_6290               |    32|   0|    32|          0|
    |mul_i_3_52_reg_6332               |    32|   0|    32|          0|
    |mul_i_3_53_reg_6373               |    32|   0|    32|          0|
    |mul_i_4_43_reg_6068               |    32|   0|    32|          0|
    |mul_i_4_44_reg_6092               |    32|   0|    32|          0|
    |mul_i_4_45_reg_6122               |    32|   0|    32|          0|
    |mul_i_4_46_reg_6152               |    32|   0|    32|          0|
    |mul_i_4_47_reg_6194               |    32|   0|    32|          0|
    |mul_i_4_49_reg_6266               |    32|   0|    32|          0|
    |mul_i_4_50_reg_6308               |    32|   0|    32|          0|
    |mul_i_4_51_reg_6349               |    32|   0|    32|          0|
    |mul_i_4_52_reg_6391               |    32|   0|    32|          0|
    |mul_i_4_53_reg_6426               |    32|   0|    32|          0|
    |mul_i_5_41_reg_6098               |    32|   0|    32|          0|
    |mul_i_5_42_reg_6128               |    32|   0|    32|          0|
    |mul_i_5_43_reg_6158               |    32|   0|    32|          0|
    |mul_i_5_44_reg_6200               |    32|   0|    32|          0|
    |mul_i_5_45_reg_6236               |    32|   0|    32|          0|
    |mul_i_5_46_reg_6272               |    32|   0|    32|          0|
    |mul_i_5_47_reg_6314               |    32|   0|    32|          0|
    |mul_i_5_48_reg_6355               |    32|   0|    32|          0|
    |mul_i_5_49_reg_6397               |    32|   0|    32|          0|
    |mul_i_5_50_reg_6431               |    32|   0|    32|          0|
    |mul_i_5_51_reg_6466               |    32|   0|    32|          0|
    |mul_i_5_52_reg_6501               |    32|   0|    32|          0|
    |mul_i_6_42_reg_6164               |    32|   0|    32|          0|
    |mul_i_6_43_reg_6206               |    32|   0|    32|          0|
    |mul_i_6_44_reg_6242               |    32|   0|    32|          0|
    |mul_i_6_45_reg_6278               |    32|   0|    32|          0|
    |mul_i_6_46_reg_6320               |    32|   0|    32|          0|
    |mul_i_6_47_reg_6361               |    32|   0|    32|          0|
    |mul_i_6_48_reg_6403               |    32|   0|    32|          0|
    |mul_i_6_49_reg_6437               |    32|   0|    32|          0|
    |mul_i_6_50_reg_6472               |    32|   0|    32|          0|
    |mul_i_6_51_reg_6507               |    32|   0|    32|          0|
    |mul_i_6_52_reg_6557               |    32|   0|    32|          0|
    |mul_i_8_43_reg_6284               |    32|   0|    32|          0|
    |mul_i_8_44_reg_6326               |    32|   0|    32|          0|
    |mul_i_8_45_reg_6367               |    32|   0|    32|          0|
    |mul_i_8_46_reg_6409               |    32|   0|    32|          0|
    |mul_i_8_47_reg_6443               |    32|   0|    32|          0|
    |mul_i_8_48_reg_6478               |    32|   0|    32|          0|
    |mul_i_8_49_reg_6513               |    32|   0|    32|          0|
    |mul_i_8_50_reg_6562               |    32|   0|    32|          0|
    |mul_i_8_51_reg_6597               |    32|   0|    32|          0|
    |mul_i_8_52_reg_6636               |    32|   0|    32|          0|
    |mul_i_9_51_reg_6642               |    32|   0|    32|          0|
    |or_ln197_reg_5032                 |     1|   0|     1|          0|
    |p_ZL7samples_1                    |    32|   0|    32|          0|
    |p_ZL7samples_10                   |    32|   0|    32|          0|
    |p_ZL7samples_100                  |    32|   0|    32|          0|
    |p_ZL7samples_100_load_reg_7044    |    32|   0|    32|          0|
    |p_ZL7samples_101                  |    32|   0|    32|          0|
    |p_ZL7samples_101_load_reg_7049    |    32|   0|    32|          0|
    |p_ZL7samples_102                  |    32|   0|    32|          0|
    |p_ZL7samples_102_load_reg_7054    |    32|   0|    32|          0|
    |p_ZL7samples_103                  |    32|   0|    32|          0|
    |p_ZL7samples_103_load_reg_7059    |    32|   0|    32|          0|
    |p_ZL7samples_104                  |    32|   0|    32|          0|
    |p_ZL7samples_104_load_reg_7064    |    32|   0|    32|          0|
    |p_ZL7samples_105                  |    32|   0|    32|          0|
    |p_ZL7samples_105_load_reg_7069    |    32|   0|    32|          0|
    |p_ZL7samples_106                  |    32|   0|    32|          0|
    |p_ZL7samples_106_load_reg_7074    |    32|   0|    32|          0|
    |p_ZL7samples_107                  |    32|   0|    32|          0|
    |p_ZL7samples_107_load_reg_7079    |    32|   0|    32|          0|
    |p_ZL7samples_108                  |    32|   0|    32|          0|
    |p_ZL7samples_108_load_reg_7084    |    32|   0|    32|          0|
    |p_ZL7samples_109                  |    32|   0|    32|          0|
    |p_ZL7samples_109_load_reg_7089    |    32|   0|    32|          0|
    |p_ZL7samples_10_load_reg_5468     |    32|   0|    32|          0|
    |p_ZL7samples_11                   |    32|   0|    32|          0|
    |p_ZL7samples_110                  |    32|   0|    32|          0|
    |p_ZL7samples_110_load_reg_7094    |    32|   0|    32|          0|
    |p_ZL7samples_111                  |    32|   0|    32|          0|
    |p_ZL7samples_111_load_reg_7099    |    32|   0|    32|          0|
    |p_ZL7samples_112                  |    32|   0|    32|          0|
    |p_ZL7samples_112_load_reg_7104    |    32|   0|    32|          0|
    |p_ZL7samples_113                  |    32|   0|    32|          0|
    |p_ZL7samples_113_load_reg_7109    |    32|   0|    32|          0|
    |p_ZL7samples_114                  |    32|   0|    32|          0|
    |p_ZL7samples_11_load_reg_5479     |    32|   0|    32|          0|
    |p_ZL7samples_12                   |    32|   0|    32|          0|
    |p_ZL7samples_12_load_reg_5506     |    32|   0|    32|          0|
    |p_ZL7samples_13                   |    32|   0|    32|          0|
    |p_ZL7samples_13_load_reg_5517     |    32|   0|    32|          0|
    |p_ZL7samples_14                   |    32|   0|    32|          0|
    |p_ZL7samples_14_load_reg_5542     |    32|   0|    32|          0|
    |p_ZL7samples_15                   |    32|   0|    32|          0|
    |p_ZL7samples_15_load_reg_5553     |    32|   0|    32|          0|
    |p_ZL7samples_16                   |    32|   0|    32|          0|
    |p_ZL7samples_16_load_reg_5578     |    32|   0|    32|          0|
    |p_ZL7samples_17                   |    32|   0|    32|          0|
    |p_ZL7samples_17_load_reg_5589     |    32|   0|    32|          0|
    |p_ZL7samples_18                   |    32|   0|    32|          0|
    |p_ZL7samples_18_load_reg_5615     |    32|   0|    32|          0|
    |p_ZL7samples_19                   |    32|   0|    32|          0|
    |p_ZL7samples_19_load_reg_5626     |    32|   0|    32|          0|
    |p_ZL7samples_1_load_reg_5307      |    32|   0|    32|          0|
    |p_ZL7samples_2                    |    32|   0|    32|          0|
    |p_ZL7samples_20                   |    32|   0|    32|          0|
    |p_ZL7samples_20_load_reg_5642     |    32|   0|    32|          0|
    |p_ZL7samples_21                   |    32|   0|    32|          0|
    |p_ZL7samples_21_load_reg_5663     |    32|   0|    32|          0|
    |p_ZL7samples_22                   |    32|   0|    32|          0|
    |p_ZL7samples_22_load_reg_5674     |    32|   0|    32|          0|
    |p_ZL7samples_23                   |    32|   0|    32|          0|
    |p_ZL7samples_23_load_reg_5706     |    32|   0|    32|          0|
    |p_ZL7samples_24                   |    32|   0|    32|          0|
    |p_ZL7samples_24_load_reg_5718     |    32|   0|    32|          0|
    |p_ZL7samples_25                   |    32|   0|    32|          0|
    |p_ZL7samples_25_load_reg_5744     |    32|   0|    32|          0|
    |p_ZL7samples_26                   |    32|   0|    32|          0|
    |p_ZL7samples_26_load_reg_5755     |    32|   0|    32|          0|
    |p_ZL7samples_27                   |    32|   0|    32|          0|
    |p_ZL7samples_27_load_reg_5780     |    32|   0|    32|          0|
    |p_ZL7samples_28                   |    32|   0|    32|          0|
    |p_ZL7samples_28_load_reg_5792     |    32|   0|    32|          0|
    |p_ZL7samples_29                   |    32|   0|    32|          0|
    |p_ZL7samples_29_load_reg_5817     |    32|   0|    32|          0|
    |p_ZL7samples_2_load_reg_5317      |    32|   0|    32|          0|
    |p_ZL7samples_3                    |    32|   0|    32|          0|
    |p_ZL7samples_30                   |    32|   0|    32|          0|
    |p_ZL7samples_30_load_reg_5828     |    32|   0|    32|          0|
    |p_ZL7samples_31                   |    32|   0|    32|          0|
    |p_ZL7samples_31_load_reg_5851     |    32|   0|    32|          0|
    |p_ZL7samples_32                   |    32|   0|    32|          0|
    |p_ZL7samples_32_load_reg_5861     |    32|   0|    32|          0|
    |p_ZL7samples_33                   |    32|   0|    32|          0|
    |p_ZL7samples_33_load_reg_5884     |    32|   0|    32|          0|
    |p_ZL7samples_34                   |    32|   0|    32|          0|
    |p_ZL7samples_34_load_reg_5895     |    32|   0|    32|          0|
    |p_ZL7samples_35                   |    32|   0|    32|          0|
    |p_ZL7samples_35_load_reg_5915     |    32|   0|    32|          0|
    |p_ZL7samples_36                   |    32|   0|    32|          0|
    |p_ZL7samples_36_load_reg_5925     |    32|   0|    32|          0|
    |p_ZL7samples_37                   |    32|   0|    32|          0|
    |p_ZL7samples_38                   |    32|   0|    32|          0|
    |p_ZL7samples_39                   |    32|   0|    32|          0|
    |p_ZL7samples_3_load_reg_5333      |    32|   0|    32|          0|
    |p_ZL7samples_4                    |    32|   0|    32|          0|
    |p_ZL7samples_40                   |    32|   0|    32|          0|
    |p_ZL7samples_40_load_reg_5954     |    32|   0|    32|          0|
    |p_ZL7samples_41                   |    32|   0|    32|          0|
    |p_ZL7samples_41_load_reg_5963     |    32|   0|    32|          0|
    |p_ZL7samples_42                   |    32|   0|    32|          0|
    |p_ZL7samples_42_load_reg_5972     |    32|   0|    32|          0|
    |p_ZL7samples_43                   |    32|   0|    32|          0|
    |p_ZL7samples_43_load_reg_5981     |    32|   0|    32|          0|
    |p_ZL7samples_44                   |    32|   0|    32|          0|
    |p_ZL7samples_44_load_reg_5991     |    32|   0|    32|          0|
    |p_ZL7samples_45                   |    32|   0|    32|          0|
    |p_ZL7samples_45_load_reg_5999     |    32|   0|    32|          0|
    |p_ZL7samples_46                   |    32|   0|    32|          0|
    |p_ZL7samples_46_load_reg_6010     |    32|   0|    32|          0|
    |p_ZL7samples_47                   |    32|   0|    32|          0|
    |p_ZL7samples_47_load_reg_6021     |    32|   0|    32|          0|
    |p_ZL7samples_48                   |    32|   0|    32|          0|
    |p_ZL7samples_48_load_reg_6032     |    32|   0|    32|          0|
    |p_ZL7samples_49                   |    32|   0|    32|          0|
    |p_ZL7samples_49_load_reg_6041     |    32|   0|    32|          0|
    |p_ZL7samples_4_load_reg_5354      |    32|   0|    32|          0|
    |p_ZL7samples_5                    |    32|   0|    32|          0|
    |p_ZL7samples_50                   |    32|   0|    32|          0|
    |p_ZL7samples_50_load_reg_6059     |    32|   0|    32|          0|
    |p_ZL7samples_51                   |    32|   0|    32|          0|
    |p_ZL7samples_51_load_reg_6080     |    32|   0|    32|          0|
    |p_ZL7samples_52                   |    32|   0|    32|          0|
    |p_ZL7samples_52_load_reg_6110     |    32|   0|    32|          0|
    |p_ZL7samples_53                   |    32|   0|    32|          0|
    |p_ZL7samples_53_load_reg_6140     |    32|   0|    32|          0|
    |p_ZL7samples_54                   |    32|   0|    32|          0|
    |p_ZL7samples_54_load_reg_6182     |    32|   0|    32|          0|
    |p_ZL7samples_55                   |    32|   0|    32|          0|
    |p_ZL7samples_55_load_reg_6224     |    32|   0|    32|          0|
    |p_ZL7samples_56                   |    32|   0|    32|          0|
    |p_ZL7samples_56_load_reg_6254     |    32|   0|    32|          0|
    |p_ZL7samples_57                   |    32|   0|    32|          0|
    |p_ZL7samples_57_load_reg_6296     |    32|   0|    32|          0|
    |p_ZL7samples_58                   |    32|   0|    32|          0|
    |p_ZL7samples_58_load_reg_6338     |    32|   0|    32|          0|
    |p_ZL7samples_59                   |    32|   0|    32|          0|
    |p_ZL7samples_59_load_reg_6379     |    32|   0|    32|          0|
    |p_ZL7samples_5_load_reg_5365      |    32|   0|    32|          0|
    |p_ZL7samples_6                    |    32|   0|    32|          0|
    |p_ZL7samples_60                   |    32|   0|    32|          0|
    |p_ZL7samples_60_load_reg_6415     |    32|   0|    32|          0|
    |p_ZL7samples_61                   |    32|   0|    32|          0|
    |p_ZL7samples_61_load_reg_6455     |    32|   0|    32|          0|
    |p_ZL7samples_62                   |    32|   0|    32|          0|
    |p_ZL7samples_62_load_reg_6490     |    32|   0|    32|          0|
    |p_ZL7samples_63                   |    32|   0|    32|          0|
    |p_ZL7samples_63_load_reg_6530     |    32|   0|    32|          0|
    |p_ZL7samples_64                   |    32|   0|    32|          0|
    |p_ZL7samples_64_load_reg_6574     |    32|   0|    32|          0|
    |p_ZL7samples_65                   |    32|   0|    32|          0|
    |p_ZL7samples_65_load_reg_6609     |    32|   0|    32|          0|
    |p_ZL7samples_66                   |    32|   0|    32|          0|
    |p_ZL7samples_66_load_reg_6647     |    32|   0|    32|          0|
    |p_ZL7samples_67                   |    32|   0|    32|          0|
    |p_ZL7samples_67_load_reg_6697     |    32|   0|    32|          0|
    |p_ZL7samples_68                   |    32|   0|    32|          0|
    |p_ZL7samples_68_load_reg_6748     |    32|   0|    32|          0|
    |p_ZL7samples_69                   |    32|   0|    32|          0|
    |p_ZL7samples_69_load_reg_6771     |    32|   0|    32|          0|
    |p_ZL7samples_6_load_reg_5391      |    32|   0|    32|          0|
    |p_ZL7samples_7                    |    32|   0|    32|          0|
    |p_ZL7samples_70                   |    32|   0|    32|          0|
    |p_ZL7samples_70_load_reg_6669     |    32|   0|    32|          0|
    |p_ZL7samples_71                   |    32|   0|    32|          0|
    |p_ZL7samples_71_load_reg_6680     |    32|   0|    32|          0|
    |p_ZL7samples_72                   |    32|   0|    32|          0|
    |p_ZL7samples_72_load_reg_6726     |    32|   0|    32|          0|
    |p_ZL7samples_73                   |    32|   0|    32|          0|
    |p_ZL7samples_73_load_reg_6782     |    32|   0|    32|          0|
    |p_ZL7samples_74                   |    32|   0|    32|          0|
    |p_ZL7samples_74_load_reg_6804     |    32|   0|    32|          0|
    |p_ZL7samples_75                   |    32|   0|    32|          0|
    |p_ZL7samples_75_load_reg_6815     |    32|   0|    32|          0|
    |p_ZL7samples_76                   |    32|   0|    32|          0|
    |p_ZL7samples_76_load_reg_6826     |    32|   0|    32|          0|
    |p_ZL7samples_77                   |    32|   0|    32|          0|
    |p_ZL7samples_77_load_reg_6837     |    32|   0|    32|          0|
    |p_ZL7samples_78                   |    32|   0|    32|          0|
    |p_ZL7samples_78_load_reg_6848     |    32|   0|    32|          0|
    |p_ZL7samples_79                   |    32|   0|    32|          0|
    |p_ZL7samples_79_load_reg_6859     |    32|   0|    32|          0|
    |p_ZL7samples_7_load_reg_5401      |    32|   0|    32|          0|
    |p_ZL7samples_8                    |    32|   0|    32|          0|
    |p_ZL7samples_80                   |    32|   0|    32|          0|
    |p_ZL7samples_80_load_reg_6870     |    32|   0|    32|          0|
    |p_ZL7samples_81                   |    32|   0|    32|          0|
    |p_ZL7samples_81_load_reg_6881     |    32|   0|    32|          0|
    |p_ZL7samples_82                   |    32|   0|    32|          0|
    |p_ZL7samples_82_load_reg_6892     |    32|   0|    32|          0|
    |p_ZL7samples_83                   |    32|   0|    32|          0|
    |p_ZL7samples_83_load_reg_6903     |    32|   0|    32|          0|
    |p_ZL7samples_84                   |    32|   0|    32|          0|
    |p_ZL7samples_84_load_reg_6912     |    32|   0|    32|          0|
    |p_ZL7samples_85                   |    32|   0|    32|          0|
    |p_ZL7samples_85_load_reg_6922     |    32|   0|    32|          0|
    |p_ZL7samples_86                   |    32|   0|    32|          0|
    |p_ZL7samples_86_load_reg_6931     |    32|   0|    32|          0|
    |p_ZL7samples_87                   |    32|   0|    32|          0|
    |p_ZL7samples_87_load_reg_6941     |    32|   0|    32|          0|
    |p_ZL7samples_88                   |    32|   0|    32|          0|
    |p_ZL7samples_88_load_reg_6951     |    32|   0|    32|          0|
    |p_ZL7samples_89                   |    32|   0|    32|          0|
    |p_ZL7samples_89_load_reg_6961     |    32|   0|    32|          0|
    |p_ZL7samples_8_load_reg_5428      |    32|   0|    32|          0|
    |p_ZL7samples_9                    |    32|   0|    32|          0|
    |p_ZL7samples_90                   |    32|   0|    32|          0|
    |p_ZL7samples_90_load_reg_6970     |    32|   0|    32|          0|
    |p_ZL7samples_91                   |    32|   0|    32|          0|
    |p_ZL7samples_91_load_reg_6978     |    32|   0|    32|          0|
    |p_ZL7samples_92                   |    32|   0|    32|          0|
    |p_ZL7samples_92_load_reg_6987     |    32|   0|    32|          0|
    |p_ZL7samples_93                   |    32|   0|    32|          0|
    |p_ZL7samples_93_load_reg_6995     |    32|   0|    32|          0|
    |p_ZL7samples_94                   |    32|   0|    32|          0|
    |p_ZL7samples_94_load_reg_7004     |    32|   0|    32|          0|
    |p_ZL7samples_95                   |    32|   0|    32|          0|
    |p_ZL7samples_95_load_reg_7011     |    32|   0|    32|          0|
    |p_ZL7samples_96                   |    32|   0|    32|          0|
    |p_ZL7samples_96_load_reg_7019     |    32|   0|    32|          0|
    |p_ZL7samples_97                   |    32|   0|    32|          0|
    |p_ZL7samples_97_load_reg_7026     |    32|   0|    32|          0|
    |p_ZL7samples_98                   |    32|   0|    32|          0|
    |p_ZL7samples_98_load_reg_7032     |    32|   0|    32|          0|
    |p_ZL7samples_99                   |    32|   0|    32|          0|
    |p_ZL7samples_99_load_reg_7038     |    32|   0|    32|          0|
    |p_ZL7samples_9_load_reg_5440      |    32|   0|    32|          0|
    |reg_1006                          |    32|   0|    32|          0|
    |reg_1016                          |    32|   0|    32|          0|
    |reg_1023                          |    32|   0|    32|          0|
    |reg_1030                          |    32|   0|    32|          0|
    |reg_1039                          |    32|   0|    32|          0|
    |reg_1047                          |    32|   0|    32|          0|
    |reg_1053                          |    32|   0|    32|          0|
    |reg_1060                          |    32|   0|    32|          0|
    |reg_1068                          |    32|   0|    32|          0|
    |reg_1076                          |    32|   0|    32|          0|
    |reg_1083                          |    32|   0|    32|          0|
    |reg_1092                          |    32|   0|    32|          0|
    |reg_1101                          |    32|   0|    32|          0|
    |reg_1109                          |    32|   0|    32|          0|
    |reg_1117                          |    32|   0|    32|          0|
    |reg_1124                          |    32|   0|    32|          0|
    |reg_1129                          |    32|   0|    32|          0|
    |reg_1136                          |    32|   0|    32|          0|
    |reg_1145                          |    32|   0|    32|          0|
    |reg_1152                          |    32|   0|    32|          0|
    |reg_1161                          |    32|   0|    32|          0|
    |reg_1170                          |    32|   0|    32|          0|
    |reg_1179                          |    32|   0|    32|          0|
    |reg_1188                          |    32|   0|    32|          0|
    |reg_1196                          |    32|   0|    32|          0|
    |reg_1206                          |    32|   0|    32|          0|
    |reg_1215                          |    32|   0|    32|          0|
    |reg_1224                          |    32|   0|    32|          0|
    |reg_1231                          |    32|   0|    32|          0|
    |reg_1240                          |    32|   0|    32|          0|
    |reg_1247                          |    32|   0|    32|          0|
    |reg_1257                          |    32|   0|    32|          0|
    |reg_1262                          |    32|   0|    32|          0|
    |reg_1269                          |    32|   0|    32|          0|
    |reg_1276                          |    32|   0|    32|          0|
    |reg_1285                          |    32|   0|    32|          0|
    |reg_1293                          |    32|   0|    32|          0|
    |reg_1301                          |    32|   0|    32|          0|
    |reg_1308                          |    32|   0|    32|          0|
    |reg_1318                          |    32|   0|    32|          0|
    |reg_1325                          |    32|   0|    32|          0|
    |reg_1332                          |    32|   0|    32|          0|
    |reg_1338                          |    32|   0|    32|          0|
    |reg_1346                          |    32|   0|    32|          0|
    |reg_1354                          |    32|   0|    32|          0|
    |reg_1364                          |    32|   0|    32|          0|
    |reg_1373                          |    32|   0|    32|          0|
    |reg_1380                          |    32|   0|    32|          0|
    |reg_1389                          |    32|   0|    32|          0|
    |reg_1395                          |    32|   0|    32|          0|
    |reg_1403                          |    32|   0|    32|          0|
    |reg_1411                          |    32|   0|    32|          0|
    |reg_1417                          |    32|   0|    32|          0|
    |reg_1425                          |    32|   0|    32|          0|
    |reg_1432                          |    32|   0|    32|          0|
    |reg_1441                          |    32|   0|    32|          0|
    |reg_1449                          |    32|   0|    32|          0|
    |reg_1458                          |    32|   0|    32|          0|
    |reg_1465                          |    32|   0|    32|          0|
    |reg_1471                          |    32|   0|    32|          0|
    |reg_1480                          |    32|   0|    32|          0|
    |reg_1487                          |    32|   0|    32|          0|
    |reg_1494                          |    32|   0|    32|          0|
    |reg_1503                          |    32|   0|    32|          0|
    |reg_1509                          |    32|   0|    32|          0|
    |reg_1519                          |    32|   0|    32|          0|
    |reg_1526                          |    32|   0|    32|          0|
    |reg_1534                          |    32|   0|    32|          0|
    |reg_1542                          |    32|   0|    32|          0|
    |reg_1549                          |    32|   0|    32|          0|
    |reg_1557                          |    32|   0|    32|          0|
    |reg_1563                          |    32|   0|    32|          0|
    |reg_1569                          |    32|   0|    32|          0|
    |reg_1577                          |    32|   0|    32|          0|
    |reg_1585                          |    32|   0|    32|          0|
    |reg_1595                          |    32|   0|    32|          0|
    |reg_1602                          |    32|   0|    32|          0|
    |reg_1609                          |    32|   0|    32|          0|
    |reg_1618                          |    32|   0|    32|          0|
    |reg_1624                          |    32|   0|    32|          0|
    |reg_1631                          |    32|   0|    32|          0|
    |reg_1637                          |    32|   0|    32|          0|
    |reg_1645                          |    32|   0|    32|          0|
    |reg_1655                          |    32|   0|    32|          0|
    |reg_1661                          |    32|   0|    32|          0|
    |reg_1667                          |    32|   0|    32|          0|
    |reg_1673                          |    32|   0|    32|          0|
    |reg_1678                          |    32|   0|    32|          0|
    |reg_1685                          |    32|   0|    32|          0|
    |reg_1689                          |    32|   0|    32|          0|
    |reg_1696                          |    32|   0|    32|          0|
    |reg_1704                          |    32|   0|    32|          0|
    |reg_1710                          |    32|   0|    32|          0|
    |reg_1718                          |    32|   0|    32|          0|
    |reg_1723                          |    32|   0|    32|          0|
    |reg_1729                          |    32|   0|    32|          0|
    |reg_1737                          |    32|   0|    32|          0|
    |reg_1743                          |    32|   0|    32|          0|
    |reg_1749                          |    32|   0|    32|          0|
    |reg_1755                          |    32|   0|    32|          0|
    |reg_1761                          |    32|   0|    32|          0|
    |reg_1767                          |    32|   0|    32|          0|
    |reg_1773                          |    32|   0|    32|          0|
    |reg_1779                          |    32|   0|    32|          0|
    |reg_1785                          |    32|   0|    32|          0|
    |reg_1791                          |    32|   0|    32|          0|
    |reg_1797                          |    32|   0|    32|          0|
    |reg_1803                          |    32|   0|    32|          0|
    |reg_1809                          |    32|   0|    32|          0|
    |reg_1815                          |    32|   0|    32|          0|
    |reg_1821                          |    32|   0|    32|          0|
    |reg_1826                          |    32|   0|    32|          0|
    |reg_1832                          |    32|   0|    32|          0|
    |reg_1837                          |    32|   0|    32|          0|
    |reg_1843                          |    32|   0|    32|          0|
    |reg_1849                          |    32|   0|    32|          0|
    |reg_1854                          |    32|   0|    32|          0|
    |reg_1860                          |    32|   0|    32|          0|
    |reg_1866                          |    32|   0|    32|          0|
    |reg_1871                          |    32|   0|    32|          0|
    |reg_1876                          |    32|   0|    32|          0|
    |reg_1882                          |    32|   0|    32|          0|
    |reg_1888                          |    32|   0|    32|          0|
    |reg_1893                          |    32|   0|    32|          0|
    |reg_1899                          |    32|   0|    32|          0|
    |reg_1904                          |    32|   0|    32|          0|
    |reg_1911                          |    32|   0|    32|          0|
    |reg_1918                          |    32|   0|    32|          0|
    |reg_1925                          |    32|   0|    32|          0|
    |reg_1932                          |    32|   0|    32|          0|
    |reg_1939                          |    32|   0|    32|          0|
    |reg_1945                          |    32|   0|    32|          0|
    |reg_1951                          |    32|   0|    32|          0|
    |reg_1957                          |    32|   0|    32|          0|
    |reg_1963                          |    32|   0|    32|          0|
    |reg_1970                          |    32|   0|    32|          0|
    |reg_1976                          |    32|   0|    32|          0|
    |reg_1982                          |    32|   0|    32|          0|
    |reg_1987                          |    32|   0|    32|          0|
    |reg_1996                          |    32|   0|    32|          0|
    |reg_2004                          |    32|   0|    32|          0|
    |reg_2011                          |    32|   0|    32|          0|
    |reg_2019                          |    32|   0|    32|          0|
    |reg_2025                          |    32|   0|    32|          0|
    |reg_2032                          |    32|   0|    32|          0|
    |reg_2039                          |    32|   0|    32|          0|
    |reg_2046                          |    32|   0|    32|          0|
    |reg_2052                          |    32|   0|    32|          0|
    |reg_2057                          |    32|   0|    32|          0|
    |reg_2064                          |    32|   0|    32|          0|
    |reg_2072                          |    32|   0|    32|          0|
    |reg_2078                          |    32|   0|    32|          0|
    |reg_2084                          |    32|   0|    32|          0|
    |reg_2090                          |    32|   0|    32|          0|
    |reg_2096                          |    32|   0|    32|          0|
    |reg_2102                          |    32|   0|    32|          0|
    |reg_2110                          |    32|   0|    32|          0|
    |reg_2116                          |    32|   0|    32|          0|
    |reg_2122                          |    32|   0|    32|          0|
    |reg_2129                          |    32|   0|    32|          0|
    |reg_2136                          |    32|   0|    32|          0|
    |reg_2142                          |    32|   0|    32|          0|
    |reg_2149                          |    32|   0|    32|          0|
    |reg_2156                          |    32|   0|    32|          0|
    |reg_2162                          |    32|   0|    32|          0|
    |reg_2170                          |    32|   0|    32|          0|
    |reg_2175                          |    32|   0|    32|          0|
    |reg_2180                          |    32|   0|    32|          0|
    |reg_2186                          |    32|   0|    32|          0|
    |reg_2193                          |    32|   0|    32|          0|
    |reg_2201                          |    32|   0|    32|          0|
    |reg_2208                          |    32|   0|    32|          0|
    |reg_2215                          |    32|   0|    32|          0|
    |reg_2223                          |    32|   0|    32|          0|
    |reg_2230                          |    32|   0|    32|          0|
    |reg_2237                          |    32|   0|    32|          0|
    |reg_2244                          |    32|   0|    32|          0|
    |reg_2250                          |    32|   0|    32|          0|
    |reg_2256                          |    32|   0|    32|          0|
    |reg_2263                          |    32|   0|    32|          0|
    |reg_2268                          |    32|   0|    32|          0|
    |reg_2273                          |    32|   0|    32|          0|
    |reg_2278                          |    32|   0|    32|          0|
    |reg_974                           |    32|   0|    32|          0|
    |reg_982                           |    32|   0|    32|          0|
    |reg_990                           |    32|   0|    32|          0|
    |reg_999                           |    32|   0|    32|          0|
    |sawtooth                          |    32|   0|    32|          0|
    |sawtooth_load_reg_5036            |    32|   0|    32|          0|
    |select_ln153_10_reg_5229          |    32|   0|    32|          0|
    |select_ln153_11_reg_5245          |    32|   0|    32|          0|
    |select_ln153_12_reg_5262          |    32|   0|    32|          0|
    |select_ln153_13_reg_5279          |    32|   0|    32|          0|
    |select_ln153_14_reg_5295          |    32|   0|    32|          0|
    |select_ln153_15_reg_5344          |    32|   0|    32|          0|
    |select_ln153_16_reg_5380          |    32|   0|    32|          0|
    |select_ln153_17_reg_5417          |    32|   0|    32|          0|
    |select_ln153_18_reg_5456          |    32|   0|    32|          0|
    |select_ln153_19_reg_5495          |    32|   0|    32|          0|
    |select_ln153_1_reg_5068           |    32|   0|    32|          0|
    |select_ln153_20_reg_5533          |    32|   0|    32|          0|
    |select_ln153_21_reg_5569          |    32|   0|    32|          0|
    |select_ln153_22_reg_5605          |    32|   0|    32|          0|
    |select_ln153_23_reg_5653          |    32|   0|    32|          0|
    |select_ln153_24_reg_5696          |    32|   0|    32|          0|
    |select_ln153_25_reg_5735          |    32|   0|    32|          0|
    |select_ln153_26_reg_5771          |    32|   0|    32|          0|
    |select_ln153_27_reg_5809          |    32|   0|    32|          0|
    |select_ln153_28_reg_5844          |    32|   0|    32|          0|
    |select_ln153_29_reg_5876          |    32|   0|    32|          0|
    |select_ln153_2_reg_5086           |    32|   0|    32|          0|
    |select_ln153_30_reg_5908          |    32|   0|    32|          0|
    |select_ln153_3_reg_5104           |    32|   0|    32|          0|
    |select_ln153_4_reg_5122           |    32|   0|    32|          0|
    |select_ln153_5_reg_5140           |    32|   0|    32|          0|
    |select_ln153_6_reg_5158           |    32|   0|    32|          0|
    |select_ln153_7_reg_5176           |    32|   0|    32|          0|
    |select_ln153_8_reg_5194           |    32|   0|    32|          0|
    |select_ln153_9_reg_5211           |    32|   0|    32|          0|
    |select_ln153_reg_5050             |    32|   0|    32|          0|
    |sub15_i_23_reg_5691               |    32|   0|    32|          0|
    |sub15_i_30_reg_5940               |    32|   0|    32|          0|
    |tmp_10_reg_5135                   |     1|   0|     1|          0|
    |tmp_12_reg_5153                   |     1|   0|     1|          0|
    |tmp_14_reg_5171                   |     1|   0|     1|          0|
    |tmp_16_reg_5189                   |     1|   0|     1|          0|
    |tmp_18_reg_5206                   |     1|   0|     1|          0|
    |tmp_1_reg_5045                    |     1|   0|     1|          0|
    |tmp_20_reg_5224                   |     1|   0|     1|          0|
    |tmp_22_reg_5240                   |     1|   0|     1|          0|
    |tmp_24_reg_5257                   |     1|   0|     1|          0|
    |tmp_26_reg_5274                   |     1|   0|     1|          0|
    |tmp_28_reg_5290                   |     1|   0|     1|          0|
    |tmp_30_reg_5328                   |     1|   0|     1|          0|
    |tmp_32_reg_5375                   |     1|   0|     1|          0|
    |tmp_34_reg_5412                   |     1|   0|     1|          0|
    |tmp_36_reg_5451                   |     1|   0|     1|          0|
    |tmp_38_reg_5490                   |     1|   0|     1|          0|
    |tmp_3_reg_5063                    |     1|   0|     1|          0|
    |tmp_40_reg_5528                   |     1|   0|     1|          0|
    |tmp_42_reg_5564                   |     1|   0|     1|          0|
    |tmp_44_reg_5600                   |     1|   0|     1|          0|
    |tmp_46_reg_5637                   |     1|   0|     1|          0|
    |tmp_48_reg_5686                   |     1|   0|     1|          0|
    |tmp_50_reg_5730                   |     1|   0|     1|          0|
    |tmp_52_reg_5766                   |     1|   0|     1|          0|
    |tmp_54_reg_5804                   |     1|   0|     1|          0|
    |tmp_56_reg_5839                   |     1|   0|     1|          0|
    |tmp_58_reg_5871                   |     1|   0|     1|          0|
    |tmp_5_reg_5081                    |     1|   0|     1|          0|
    |tmp_60_reg_5903                   |     1|   0|     1|          0|
    |tmp_62_reg_5935                   |     1|   0|     1|          0|
    |tmp_7_reg_5099                    |     1|   0|     1|          0|
    |tmp_9_reg_5117                    |     1|   0|     1|          0|
    +----------------------------------+------+----+------+-----------+
    |Total                             | 18489|   0| 18489|          0|
    +----------------------------------+------+----+------+-----------+



================================================================
== Interface
================================================================
* Summary: 
+-----------------------+-----+-----+------------+--------------+--------------+
|       RTL Ports       | Dir | Bits|  Protocol  | Source Object|    C Type    |
+-----------------------+-----+-----+------------+--------------+--------------+
|s_axi_control_AWVALID  |   in|    1|       s_axi|       control|        scalar|
|s_axi_control_AWREADY  |  out|    1|       s_axi|       control|        scalar|
|s_axi_control_AWADDR   |   in|    7|       s_axi|       control|        scalar|
|s_axi_control_WVALID   |   in|    1|       s_axi|       control|        scalar|
|s_axi_control_WREADY   |  out|    1|       s_axi|       control|        scalar|
|s_axi_control_WDATA    |   in|   32|       s_axi|       control|        scalar|
|s_axi_control_WSTRB    |   in|    4|       s_axi|       control|        scalar|
|s_axi_control_ARVALID  |   in|    1|       s_axi|       control|        scalar|
|s_axi_control_ARREADY  |  out|    1|       s_axi|       control|        scalar|
|s_axi_control_ARADDR   |   in|    7|       s_axi|       control|        scalar|
|s_axi_control_RVALID   |  out|    1|       s_axi|       control|        scalar|
|s_axi_control_RREADY   |   in|    1|       s_axi|       control|        scalar|
|s_axi_control_RDATA    |  out|   32|       s_axi|       control|        scalar|
|s_axi_control_RRESP    |  out|    2|       s_axi|       control|        scalar|
|s_axi_control_BVALID   |  out|    1|       s_axi|       control|        scalar|
|s_axi_control_BREADY   |   in|    1|       s_axi|       control|        scalar|
|s_axi_control_BRESP    |  out|    2|       s_axi|       control|        scalar|
|ap_clk                 |   in|    1|  ap_ctrl_hs|        syfala|  return value|
|ap_rst_n               |   in|    1|  ap_ctrl_hs|        syfala|  return value|
|ap_start               |   in|    1|  ap_ctrl_hs|        syfala|  return value|
|ap_done                |  out|    1|  ap_ctrl_hs|        syfala|  return value|
|ap_idle                |  out|    1|  ap_ctrl_hs|        syfala|  return value|
|ap_ready               |  out|    1|  ap_ctrl_hs|        syfala|  return value|
|m_axi_ram_AWVALID      |  out|    1|       m_axi|           ram|       pointer|
|m_axi_ram_AWREADY      |   in|    1|       m_axi|           ram|       pointer|
|m_axi_ram_AWADDR       |  out|   64|       m_axi|           ram|       pointer|
|m_axi_ram_AWID         |  out|    1|       m_axi|           ram|       pointer|
|m_axi_ram_AWLEN        |  out|    8|       m_axi|           ram|       pointer|
|m_axi_ram_AWSIZE       |  out|    3|       m_axi|           ram|       pointer|
|m_axi_ram_AWBURST      |  out|    2|       m_axi|           ram|       pointer|
|m_axi_ram_AWLOCK       |  out|    2|       m_axi|           ram|       pointer|
|m_axi_ram_AWCACHE      |  out|    4|       m_axi|           ram|       pointer|
|m_axi_ram_AWPROT       |  out|    3|       m_axi|           ram|       pointer|
|m_axi_ram_AWQOS        |  out|    4|       m_axi|           ram|       pointer|
|m_axi_ram_AWREGION     |  out|    4|       m_axi|           ram|       pointer|
|m_axi_ram_AWUSER       |  out|    1|       m_axi|           ram|       pointer|
|m_axi_ram_WVALID       |  out|    1|       m_axi|           ram|       pointer|
|m_axi_ram_WREADY       |   in|    1|       m_axi|           ram|       pointer|
|m_axi_ram_WDATA        |  out|   32|       m_axi|           ram|       pointer|
|m_axi_ram_WSTRB        |  out|    4|       m_axi|           ram|       pointer|
|m_axi_ram_WLAST        |  out|    1|       m_axi|           ram|       pointer|
|m_axi_ram_WID          |  out|    1|       m_axi|           ram|       pointer|
|m_axi_ram_WUSER        |  out|    1|       m_axi|           ram|       pointer|
|m_axi_ram_ARVALID      |  out|    1|       m_axi|           ram|       pointer|
|m_axi_ram_ARREADY      |   in|    1|       m_axi|           ram|       pointer|
|m_axi_ram_ARADDR       |  out|   64|       m_axi|           ram|       pointer|
|m_axi_ram_ARID         |  out|    1|       m_axi|           ram|       pointer|
|m_axi_ram_ARLEN        |  out|    8|       m_axi|           ram|       pointer|
|m_axi_ram_ARSIZE       |  out|    3|       m_axi|           ram|       pointer|
|m_axi_ram_ARBURST      |  out|    2|       m_axi|           ram|       pointer|
|m_axi_ram_ARLOCK       |  out|    2|       m_axi|           ram|       pointer|
|m_axi_ram_ARCACHE      |  out|    4|       m_axi|           ram|       pointer|
|m_axi_ram_ARPROT       |  out|    3|       m_axi|           ram|       pointer|
|m_axi_ram_ARQOS        |  out|    4|       m_axi|           ram|       pointer|
|m_axi_ram_ARREGION     |  out|    4|       m_axi|           ram|       pointer|
|m_axi_ram_ARUSER       |  out|    1|       m_axi|           ram|       pointer|
|m_axi_ram_RVALID       |   in|    1|       m_axi|           ram|       pointer|
|m_axi_ram_RREADY       |  out|    1|       m_axi|           ram|       pointer|
|m_axi_ram_RDATA        |   in|   32|       m_axi|           ram|       pointer|
|m_axi_ram_RLAST        |   in|    1|       m_axi|           ram|       pointer|
|m_axi_ram_RID          |   in|    1|       m_axi|           ram|       pointer|
|m_axi_ram_RUSER        |   in|    1|       m_axi|           ram|       pointer|
|m_axi_ram_RRESP        |   in|    2|       m_axi|           ram|       pointer|
|m_axi_ram_BVALID       |   in|    1|       m_axi|           ram|       pointer|
|m_axi_ram_BREADY       |  out|    1|       m_axi|           ram|       pointer|
|m_axi_ram_BRESP        |   in|    2|       m_axi|           ram|       pointer|
|m_axi_ram_BID          |   in|    1|       m_axi|           ram|       pointer|
|m_axi_ram_BUSER        |   in|    1|       m_axi|           ram|       pointer|
|audio_out_0_din        |  out|   24|     ap_fifo|   audio_out_0|       pointer|
|audio_out_0_full_n     |   in|    1|     ap_fifo|   audio_out_0|       pointer|
|audio_out_0_write      |  out|    1|     ap_fifo|   audio_out_0|       pointer|
|audio_out_1_din        |  out|   24|     ap_fifo|   audio_out_1|       pointer|
|audio_out_1_full_n     |   in|    1|     ap_fifo|   audio_out_1|       pointer|
|audio_out_1_write      |  out|    1|     ap_fifo|   audio_out_1|       pointer|
|bypass                 |   in|    1|     ap_none|        bypass|        scalar|
|mute                   |   in|    1|     ap_none|          mute|        scalar|
|debug                  |   in|    1|     ap_none|         debug|        scalar|
+-----------------------+-----+-----+------------+--------------+--------------+

